Archive member included to satisfy reference by file (symbol)

/home/pc12/micro_ros_ws/src/micro_ros_raspberrypi_pico_sdk/libmicroros/libmicroros.a(librcl-publisher.c.obj)
                              CMakeFiles/test.dir/test.c.o (rcl_publish)
/home/pc12/micro_ros_ws/src/micro_ros_raspberrypi_pico_sdk/libmicroros/libmicroros.a(librclc-executor.c.obj)
                              CMakeFiles/test.dir/test.c.o (rclc_executor_init)
/home/pc12/micro_ros_ws/src/micro_ros_raspberrypi_pico_sdk/libmicroros/libmicroros.a(librclc-executor_handle.c.obj)
                              /home/pc12/micro_ros_ws/src/micro_ros_raspberrypi_pico_sdk/libmicroros/libmicroros.a(librclc-executor.c.obj) (rclc_executor_handle_counters_zero_init)
/home/pc12/micro_ros_ws/src/micro_ros_raspberrypi_pico_sdk/libmicroros/libmicroros.a(librclc-init.c.obj)
                              CMakeFiles/test.dir/test.c.o (rclc_support_init)
/home/pc12/micro_ros_ws/src/micro_ros_raspberrypi_pico_sdk/libmicroros/libmicroros.a(librclc-node.c.obj)
                              CMakeFiles/test.dir/test.c.o (rclc_node_init_default)
/home/pc12/micro_ros_ws/src/micro_ros_raspberrypi_pico_sdk/libmicroros/libmicroros.a(librclc-publisher.c.obj)
                              CMakeFiles/test.dir/test.c.o (rclc_publisher_init_default)
/home/pc12/micro_ros_ws/src/micro_ros_raspberrypi_pico_sdk/libmicroros/libmicroros.a(librclc-sleep.c.obj)
                              /home/pc12/micro_ros_ws/src/micro_ros_raspberrypi_pico_sdk/libmicroros/libmicroros.a(librclc-executor.c.obj) (rclc_sleep_ms)
/home/pc12/micro_ros_ws/src/micro_ros_raspberrypi_pico_sdk/libmicroros/libmicroros.a(librclc-subscription.c.obj)
                              CMakeFiles/test.dir/test.c.o (rclc_subscription_init_default)
/home/pc12/micro_ros_ws/src/micro_ros_raspberrypi_pico_sdk/libmicroros/libmicroros.a(librclc-timer.c.obj)
                              CMakeFiles/test.dir/test.c.o (rclc_timer_init_default)
/home/pc12/micro_ros_ws/src/micro_ros_raspberrypi_pico_sdk/libmicroros/libmicroros.a(librcutils-allocator.c.obj)
                              CMakeFiles/test.dir/test.c.o (rcutils_get_default_allocator)
/home/pc12/micro_ros_ws/src/micro_ros_raspberrypi_pico_sdk/libmicroros/libmicroros.a(librcutils-error_handling.c.obj)
                              /home/pc12/micro_ros_ws/src/micro_ros_raspberrypi_pico_sdk/libmicroros/libmicroros.a(librcl-publisher.c.obj) (rcutils_reset_error)
/home/pc12/micro_ros_ws/src/micro_ros_raspberrypi_pico_sdk/libmicroros/libmicroros.a(librcutils-time_unix.c.obj)
                              /home/pc12/micro_ros_ws/src/micro_ros_raspberrypi_pico_sdk/libmicroros/libmicroros.a(librclc-executor.c.obj) (rcutils_system_time_now)
/home/pc12/micro_ros_ws/src/micro_ros_raspberrypi_pico_sdk/libmicroros/libmicroros.a(librmw-publisher_options.c.obj)
                              /home/pc12/micro_ros_ws/src/micro_ros_raspberrypi_pico_sdk/libmicroros/libmicroros.a(librcl-publisher.c.obj) (rmw_get_default_publisher_options)
/home/pc12/micro_ros_ws/src/micro_ros_raspberrypi_pico_sdk/libmicroros/libmicroros.a(librmw_microxrcedds-custom_transport.c.obj)
                              CMakeFiles/test.dir/test.c.o (rmw_uros_set_custom_transport)
/home/pc12/micro_ros_ws/src/micro_ros_raspberrypi_pico_sdk/libmicroros/libmicroros.a(librmw_microxrcedds-ping.c.obj)
                              CMakeFiles/test.dir/test.c.o (rmw_uros_ping_agent)
/home/pc12/micro_ros_ws/src/micro_ros_raspberrypi_pico_sdk/libmicroros/libmicroros.a(librmw_microxrcedds-rmw_publish.c.obj)
                              /home/pc12/micro_ros_ws/src/micro_ros_raspberrypi_pico_sdk/libmicroros/libmicroros.a(librcl-publisher.c.obj) (rmw_publish)
/home/pc12/micro_ros_ws/src/micro_ros_raspberrypi_pico_sdk/libmicroros/libmicroros.a(librmw_microxrcedds-rmw_publisher.c.obj)
                              /home/pc12/micro_ros_ws/src/micro_ros_raspberrypi_pico_sdk/libmicroros/libmicroros.a(librcl-publisher.c.obj) (rmw_create_publisher)
/home/pc12/micro_ros_ws/src/micro_ros_raspberrypi_pico_sdk/libmicroros/libmicroros.a(librmw_microxrcedds-rmw_uxrce_transports.c.obj)
                              /home/pc12/micro_ros_ws/src/micro_ros_raspberrypi_pico_sdk/libmicroros/libmicroros.a(librmw_microxrcedds-ping.c.obj) (rmw_uxrce_transport_init)
/home/pc12/micro_ros_ws/src/micro_ros_raspberrypi_pico_sdk/libmicroros/libmicroros.a(librmw_microxrcedds-types.c.obj)
                              /home/pc12/micro_ros_ws/src/micro_ros_raspberrypi_pico_sdk/libmicroros/libmicroros.a(librmw_microxrcedds-ping.c.obj) (session_memory)
/home/pc12/micro_ros_ws/src/micro_ros_raspberrypi_pico_sdk/libmicroros/libmicroros.a(librmw_microxrcedds-utils.c.obj)
                              /home/pc12/micro_ros_ws/src/micro_ros_raspberrypi_pico_sdk/libmicroros/libmicroros.a(librmw_microxrcedds-rmw_publisher.c.obj) (run_xrce_session)
[...]
Memory Configuration

Name             Origin             Length             Attributes
FLASH            0x0000000010000000 0x0000000000200000 xr
RAM              0x0000000020000000 0x0000000000040000 xrw
SCRATCH_X        0x0000000020040000 0x0000000000001000 xrw
SCRATCH_Y        0x0000000020041000 0x0000000000001000 xrw
*default*        0x0000000000000000 0xffffffffffffffff

Linker script and memory map

LOAD /usr/lib/gcc/arm-none-eabi/10.3.1/thumb/v6-m/nofp/crti.o
LOAD /usr/lib/gcc/arm-none-eabi/10.3.1/thumb/v6-m/nofp/crtbegin.o
LOAD /usr/lib/gcc/arm-none-eabi/10.3.1/../../../arm-none-eabi/lib/thumb/v6-m/nofp/crt0.o

.flash_begin    0x0000000010000000        0x0
                0x0000000010000000                __flash_binary_start = .

.boot2          0x0000000010000000      0x100
                0x0000000010000000                __boot2_start__ = .
 *(.boot2)
 .boot2         0x0000000010000000      0x100 pico-sdk/src/rp2040/boot_stage2/CMakeFiles/bs2_default_library.dir/bs2_default_padded_checksummed.S.o
                0x0000000010000100                __boot2_end__ = .
                0x0000000000000001                ASSERT (((__boot2_end__ - __boot2_start__) == 0x100), ERROR: Pico second stage bootloader must be 256 bytes in size)

.text           0x0000000010000100    0x13724
                0x0000000010000100                __logical_binary_start = .
 *(.vectors)
 .vectors       0x0000000010000100       0xd4 CMakeFiles/test.dir/home/pc12/micro_ros_ws/src/pico-sdk/src/rp2_common/pico_crt0/crt0.S.o
                0x0000000010000100                __vectors
                0x0000000010000100                __VECTOR_TABLE
                0x00000000100001c0                isr_irq30
                0x00000000100001c0                __unhandled_user_irq
                0x00000000100001c0                isr_irq13
                0x00000000100001c0                isr_irq27
                0x00000000100001c0                isr_irq31
                0x00000000100001c0                isr_irq5
                0x00000000100001c0                isr_irq11
                0x00000000100001c0                isr_irq23
                0x00000000100001c0                isr_irq18
                0x00000000100001c0                isr_irq28
                0x00000000100001c0                isr_irq19
                0x00000000100001c0                isr_irq0
                0x00000000100001c0                isr_irq6
                0x00000000100001c0                isr_irq22
                0x00000000100001c0                isr_irq17
                0x00000000100001c0                isr_irq14
                0x00000000100001c0                __vectors_end
                0x00000000100001c0                __default_isrs_start
                0x00000000100001c0                isr_irq2
                0x00000000100001c0                isr_irq10
                0x00000000100001c0                isr_irq8
                0x00000000100001c0                isr_irq24
                0x00000000100001c0                isr_irq1
                0x00000000100001c0                isr_irq7
                0x00000000100001c0                isr_irq21
                0x00000000100001c0                isr_irq20
                0x00000000100001c0                isr_irq15
                0x00000000100001c0                isr_irq25
                0x00000000100001c0                isr_irq4
                0x00000000100001c0                isr_irq16
                0x00000000100001c0                isr_irq29
                0x00000000100001c0                isr_irq26
                0x00000000100001c0                isr_irq3
                0x00000000100001c0                isr_irq12
                0x00000000100001c0                isr_irq9
                0x00000000100001c6                unhandled_user_irq_num_in_r0
                0x00000000100001c8                isr_invalid
                0x00000000100001ca                isr_nmi
                0x00000000100001cc                isr_hardfault
                0x00000000100001ce                isr_svcall
                0x00000000100001d0                isr_pendsv
                0x00000000100001d2                isr_systick
                0x00000000100001d4                __default_isrs_end
 *(.binary_info_header)
 .binary_info_header
                0x00000000100001d4       0x14 CMakeFiles/test.dir/home/pc12/micro_ros_ws/src/pico-sdk/src/rp2_common/pico_crt0/crt0.S.o
                0x00000000100001e8                __binary_info_header_end = .
 *(.embedded_block)
                0x00000000100001e8                __embedded_block_end = .
 *(.reset)
 .reset         0x00000000100001e8       0x9c CMakeFiles/test.dir/home/pc12/micro_ros_ws/src/pico-sdk/src/rp2_common/pico_crt0/crt0.S.o
                0x00000000100001e8                _entry_point
 *(.init)
 .init          0x0000000010000284        0x4 /usr/lib/gcc/arm-none-eabi/10.3.1/thumb/v6-m/nofp/crti.o
                0x0000000010000284                _init
 *(EXCLUDE_FILE(*libm.a: *libc.a:*lib_a-mem*.o *libgcc.a:) .text*)
 .text          0x0000000010000288       0x98 /usr/lib/gcc/arm-none-eabi/10.3.1/thumb/v6-m/nofp/crtbegin.o
 .text.sub_callback
                0x0000000010000320       0x20 CMakeFiles/test.dir/test.c.o
                0x0000000010000320                sub_callback
 .text.timer_callback
                0x0000000010000340       0x24 CMakeFiles/test.dir/test.c.o
                0x0000000010000340                timer_callback
 .text.startup.main
                0x0000000010000364      0x120 CMakeFiles/test.dir/test.c.o
                0x0000000010000364                main
 .text.clock_gettime
                0x0000000010000484       0x3c CMakeFiles/test.dir/pico_uart_transport.c.o
                0x0000000010000484                clock_gettime
 .text.pico_serial_transport_open
                0x00000000100004c0       0x4c CMakeFiles/test.dir/pico_uart_transport.c.o
                0x00000000100004c0                pico_serial_transport_open
 .text.pico_serial_transport_close
                0x000000001000050c       0x10 CMakeFiles/test.dir/pico_uart_transport.c.o
                0x000000001000050c                pico_serial_transport_close
 .text.pico_serial_transport_write
                0x000000001000051c       0x28 CMakeFiles/test.dir/pico_uart_transport.c.o
                0x000000001000051c                pico_serial_transport_write
 .text.pico_serial_transport_read
                0x0000000010000544       0x9c CMakeFiles/test.dir/pico_uart_transport.c.o
                0x0000000010000544                pico_serial_transport_read
 .text.gpio_set_function
                0x00000000100005e0       0x34 CMakeFiles/test.dir/home/pc12/micro_ros_ws/src/pico-sdk/src/rp2_common/hardware_gpio/gpio.c.o
                0x00000000100005e0                gpio_set_function
 .text.gpio_init
                0x0000000010000614       0x40 CMakeFiles/test.dir/home/pc12/micro_ros_ws/src/pico-sdk/src/rp2_common/hardware_gpio/gpio.c.o
                0x0000000010000614                gpio_init
 .text.panic    0x0000000010000654       0x30 CMakeFiles/test.dir/home/pc12/micro_ros_ws/src/pico-sdk/src/rp2_common/pico_platform_panic/panic.c.o
                0x0000000010000654                panic
 .text.hw_claim_or_assert
                0x0000000010000684       0x44 CMakeFiles/test.dir/home/pc12/micro_ros_ws/src/pico-sdk/src/common/hardware_claim/claim.c.o
                0x0000000010000684                hw_claim_or_assert
 .text.next_striped_spin_lock_num
                0x00000000100006c8       0x18 CMakeFiles/test.dir/home/pc12/micro_ros_ws/src/pico-sdk/src/rp2_common/hardware_sync/sync.c.o
                0x00000000100006c8                next_striped_spin_lock_num
 .text.spin_locks_reset
                0x00000000100006e0       0x1c CMakeFiles/test.dir/home/pc12/micro_ros_ws/src/pico-sdk/src/rp2_common/hardware_sync_spin_lock/sync_spin_lock.c.o
                0x00000000100006e0                spin_locks_reset
 .text.runtime_init_per_core_irq_priorities
                0x00000000100006fc       0x24 CMakeFiles/test.dir/home/pc12/micro_ros_ws/src/pico-sdk/src/rp2_common/hardware_irq/irq.c.o
                0x00000000100006fc                runtime_init_per_core_irq_priorities
 .text.irq_set_enabled
                0x0000000010000720       0x24 CMakeFiles/test.dir/home/pc12/micro_ros_ws/src/pico-sdk/src/rp2_common/hardware_irq/irq.c.o
                0x0000000010000720                irq_set_enabled
 .text.irq_set_exclusive_handler
                0x0000000010000744       0x54 CMakeFiles/test.dir/home/pc12/micro_ros_ws/src/pico-sdk/src/rp2_common/hardware_irq/irq.c.o
                0x0000000010000744                irq_set_exclusive_handler
 .text.lock_init
                0x0000000010000798       0x10 CMakeFiles/test.dir/home/pc12/micro_ros_ws/src/pico-sdk/src/common/pico_sync/lock_core.c.o
                0x0000000010000798                lock_init
 .text.runtime_init_mutex
                0x00000000100007a8       0x58 CMakeFiles/test.dir/home/pc12/micro_ros_ws/src/pico-sdk/src/common/pico_sync/mutex.c.o
                0x00000000100007a8                runtime_init_mutex
 .text.sleep_until_callback
                0x0000000010000800       0x30 CMakeFiles/test.dir/home/pc12/micro_ros_ws/src/pico-sdk/src/common/pico_time/time.c.o
 .text.alarm_pool_irq_handler
                0x0000000010000830      0x308 CMakeFiles/test.dir/home/pc12/micro_ros_ws/src/pico-sdk/src/common/pico_time/time.c.o
 .text.runtime_init_default_alarm_pool
                0x0000000010000b38       0xdc CMakeFiles/test.dir/home/pc12/micro_ros_ws/src/pico-sdk/src/common/pico_time/time.c.o
                0x0000000010000b38                runtime_init_default_alarm_pool
 .text.alarm_pool_add_alarm_at_force_in_context
                0x0000000010000c14       0xb0 CMakeFiles/test.dir/home/pc12/micro_ros_ws/src/pico-sdk/src/common/pico_time/time.c.o
                0x0000000010000c14                alarm_pool_add_alarm_at_force_in_context
 .text.alarm_pool_cancel_alarm
                0x0000000010000cc4       0x7c CMakeFiles/test.dir/home/pc12/micro_ros_ws/src/pico-sdk/src/common/pico_time/time.c.o
                0x0000000010000cc4                alarm_pool_cancel_alarm
 .text.sleep_until
                0x0000000010000d40       0xd0 CMakeFiles/test.dir/home/pc12/micro_ros_ws/src/pico-sdk/src/common/pico_time/time.c.o
                0x0000000010000d40                sleep_until
 .text.sleep_ms
                0x0000000010000e10       0x34 CMakeFiles/test.dir/home/pc12/micro_ros_ws/src/pico-sdk/src/common/pico_time/time.c.o
                0x0000000010000e10                sleep_ms
 .text.best_effort_wfe_or_timeout
                0x0000000010000e44       0xfc CMakeFiles/test.dir/home/pc12/micro_ros_ws/src/pico-sdk/src/common/pico_time/time.c.o
                0x0000000010000e44                best_effort_wfe_or_timeout
 .text.timer_hardware_alarm_claim
                0x0000000010000f40       0x14 CMakeFiles/test.dir/home/pc12/micro_ros_ws/src/pico-sdk/src/rp2_common/hardware_timer/timer.c.o
                0x0000000010000f40                timer_hardware_alarm_claim
 .text.timer_time_us_64
                0x0000000010000f54       0x10 CMakeFiles/test.dir/home/pc12/micro_ros_ws/src/pico-sdk/src/rp2_common/hardware_timer/timer.c.o
                0x0000000010000f54                timer_time_us_64
 .text.time_us_64
                0x0000000010000f64       0x14 CMakeFiles/test.dir/home/pc12/micro_ros_ws/src/pico-sdk/src/rp2_common/hardware_timer/timer.c.o
                0x0000000010000f64                time_us_64
 .text.busy_wait_us
                0x0000000010000f78       0x54 CMakeFiles/test.dir/home/pc12/micro_ros_ws/src/pico-sdk/src/rp2_common/hardware_timer/timer.c.o
                0x0000000010000f78                busy_wait_us
 .text.busy_wait_until
                0x0000000010000fcc       0x20 CMakeFiles/test.dir/home/pc12/micro_ros_ws/src/pico-sdk/src/rp2_common/hardware_timer/timer.c.o
                0x0000000010000fcc                busy_wait_until
 .text.uart_init
                0x0000000010000fec      0x11c CMakeFiles/test.dir/home/pc12/micro_ros_ws/src/pico-sdk/src/rp2_common/hardware_uart/uart.c.o
                0x0000000010000fec                uart_init
 .text.uart_deinit
                0x0000000010001108       0x24 CMakeFiles/test.dir/home/pc12/micro_ros_ws/src/pico-sdk/src/rp2_common/hardware_uart/uart.c.o
                0x0000000010001108                uart_deinit
 .text.uart_set_format
                0x000000001000112c       0x78 CMakeFiles/test.dir/home/pc12/micro_ros_ws/src/pico-sdk/src/rp2_common/hardware_uart/uart.c.o
                0x000000001000112c                uart_set_format
 .text.uart_set_fifo_enabled
                0x00000000100011a4       0x60 CMakeFiles/test.dir/home/pc12/micro_ros_ws/src/pico-sdk/src/rp2_common/hardware_uart/uart.c.o
                0x00000000100011a4                uart_set_fifo_enabled
 .text.uart_is_readable_within_us
                0x0000000010001204       0x24 CMakeFiles/test.dir/home/pc12/micro_ros_ws/src/pico-sdk/src/rp2_common/hardware_uart/uart.c.o
                0x0000000010001204                uart_is_readable_within_us
 .text.clock_configure_int_divider
                0x0000000010001228       0xf4 CMakeFiles/test.dir/home/pc12/micro_ros_ws/src/pico-sdk/src/rp2_common/hardware_clocks/clocks.c.o
                0x0000000010001228                clock_configure_int_divider
 .text.clock_configure_undivided
                0x000000001000131c       0xe8 CMakeFiles/test.dir/home/pc12/micro_ros_ws/src/pico-sdk/src/rp2_common/hardware_clocks/clocks.c.o
                0x000000001000131c                clock_configure_undivided
 .text.clock_get_hz
                0x0000000010001404        0xc CMakeFiles/test.dir/home/pc12/micro_ros_ws/src/pico-sdk/src/rp2_common/hardware_clocks/clocks.c.o
                0x0000000010001404                clock_get_hz
 .text.pll_init
                0x0000000010001410       0xa0 CMakeFiles/test.dir/home/pc12/micro_ros_ws/src/pico-sdk/src/rp2_common/hardware_pll/pll.c.o
                0x0000000010001410                pll_init
 .text.tick_start
                0x00000000100014b0       0x10 CMakeFiles/test.dir/home/pc12/micro_ros_ws/src/pico-sdk/src/rp2_common/hardware_ticks/ticks.c.o
                0x00000000100014b0                tick_start
 .text.rom_func_lookup
                0x00000000100014c0       0x10 CMakeFiles/test.dir/home/pc12/micro_ros_ws/src/pico-sdk/src/rp2_common/pico_bootrom/bootrom.c.o
                0x00000000100014c0                rom_func_lookup
 .text.rom_data_lookup
                0x00000000100014d0       0x10 CMakeFiles/test.dir/home/pc12/micro_ros_ws/src/pico-sdk/src/rp2_common/pico_bootrom/bootrom.c.o
                0x00000000100014d0                rom_data_lookup
 .text.rom_funcs_lookup
                0x00000000100014e0       0x44 CMakeFiles/test.dir/home/pc12/micro_ros_ws/src/pico-sdk/src/rp2_common/pico_bootrom/bootrom.c.o
                0x00000000100014e0                rom_funcs_lookup
 .text.xosc_init
                0x0000000010001524       0x28 CMakeFiles/test.dir/home/pc12/micro_ros_ws/src/pico-sdk/src/rp2_common/hardware_xosc/xosc.c.o
                0x0000000010001524                xosc_init
 .text.first_per_core_initializer
                0x000000001000154c        0x4 CMakeFiles/test.dir/home/pc12/micro_ros_ws/src/pico-sdk/src/rp2_common/pico_runtime/runtime.c.o
 .text.hard_assertion_failure
                0x0000000010001550        0xc CMakeFiles/test.dir/home/pc12/micro_ros_ws/src/pico-sdk/src/rp2_common/pico_runtime/runtime.c.o
                0x0000000010001550                hard_assertion_failure
 .text.runtime_run_initializers
                0x000000001000155c       0x28 CMakeFiles/test.dir/home/pc12/micro_ros_ws/src/pico-sdk/src/rp2_common/pico_runtime/runtime.c.o
                0x000000001000155c                runtime_run_initializers
 .text.runtime_init_early_resets
                0x0000000010001584       0x2c CMakeFiles/test.dir/home/pc12/micro_ros_ws/src/pico-sdk/src/rp2_common/pico_runtime_init/runtime_init.c.o
                0x0000000010001584                runtime_init_early_resets
 .text.runtime_init_usb_power_down
                0x00000000100015b0       0x1c CMakeFiles/test.dir/home/pc12/micro_ros_ws/src/pico-sdk/src/rp2_common/pico_runtime_init/runtime_init.c.o
                0x00000000100015b0                runtime_init_usb_power_down
 .text.runtime_init_post_clock_resets
                0x00000000100015cc       0x20 CMakeFiles/test.dir/home/pc12/micro_ros_ws/src/pico-sdk/src/rp2_common/pico_runtime_init/runtime_init.c.o
                0x00000000100015cc                runtime_init_post_clock_resets
 .text.runtime_init_rp2040_gpio_ie_disable
                0x00000000100015ec       0x14 CMakeFiles/test.dir/home/pc12/micro_ros_ws/src/pico-sdk/src/rp2_common/pico_runtime_init/runtime_init.c.o
                0x00000000100015ec                runtime_init_rp2040_gpio_ie_disable
 .text.runtime_init_spin_locks_reset
                0x0000000010001600        0x8 CMakeFiles/test.dir/home/pc12/micro_ros_ws/src/pico-sdk/src/rp2_common/pico_runtime_init/runtime_init.c.o
                0x0000000010001600                runtime_init_spin_locks_reset
 .text.runtime_init_install_ram_vector_table
                0x0000000010001608       0xcc CMakeFiles/test.dir/home/pc12/micro_ros_ws/src/pico-sdk/src/rp2_common/pico_runtime_init/runtime_init.c.o
                0x0000000010001608                runtime_init_install_ram_vector_table
 .text.runtime_init_clocks
                0x00000000100016d4       0xd8 CMakeFiles/test.dir/home/pc12/micro_ros_ws/src/pico-sdk/src/rp2_common/pico_runtime_init/runtime_init_clocks.c.o
                0x00000000100016d4                runtime_init_clocks
 .text          0x00000000100017ac       0x10 CMakeFiles/test.dir/home/pc12/micro_ros_ws/src/pico-sdk/src/rp2_common/pico_bit_ops/bit_ops_aeabi.S.o
 .text.__wrap___aeabi_idiv
                0x00000000100017bc       0x50 CMakeFiles/test.dir/home/pc12/micro_ros_ws/src/pico-sdk/src/rp2_common/pico_divider/divider_hardware.S.o
                0x00000000100017bc                __wrap___aeabi_idivmod
                0x00000000100017bc                divmod_s32s32
                0x00000000100017bc                div_s32s32
                0x00000000100017bc                __wrap___aeabi_idiv
                0x00000000100017c4                divmod_s32s32_unsafe
                0x00000000100017f0                divmod_s32s32_savestate
 .text.__wrap___aeabi_uidiv
                0x000000001000180c       0x4c CMakeFiles/test.dir/home/pc12/micro_ros_ws/src/pico-sdk/src/rp2_common/pico_divider/divider_hardware.S.o
                0x000000001000180c                __wrap___aeabi_uidiv
                0x000000001000180c                __wrap___aeabi_uidivmod
                0x000000001000180c                div_u32u32
                0x000000001000180c                divmod_u32u32
                0x0000000010001814                divmod_u32u32_unsafe
                0x000000001000183c                divmod_u32u32_savestate
 .text.__wrap___aeabi_ldiv
                0x0000000010001858      0x424 CMakeFiles/test.dir/home/pc12/micro_ros_ws/src/pico-sdk/src/rp2_common/pico_divider/divider_hardware.S.o
                0x0000000010001858                div_s64s64
                0x0000000010001858                divmod_s64s64
                0x0000000010001858                __wrap___aeabi_ldivmod
                0x0000000010001888                div_u64u64
                0x0000000010001888                divmod_u64u64
                0x0000000010001888                __wrap___aeabi_uldivmod
                0x0000000010001898                divmod_u64u64_savestate
                0x00000000100018b8                divmod_s64s64_unsafe
                0x0000000010001940                divmod_u64u64_unsafe
 .text.__wrap___aeabi_darithmetic
                0x0000000010001c7c       0x80 CMakeFiles/test.dir/home/pc12/micro_ros_ws/src/pico-sdk/src/rp2_common/pico_double/double_aeabi_rp2040.S.o
                0x0000000010001c7c                __wrap___aeabi_drsub
                0x0000000010001c82                __wrap___aeabi_dsub
                0x0000000010001c94                __wrap___aeabi_dadd
                0x0000000010001ca6                __wrap___aeabi_ddiv
                0x0000000010001ce2                __wrap___aeabi_dmul
 .text.__wrap___aeabi_cdcmple
                0x0000000010001cfc       0x6c CMakeFiles/test.dir/home/pc12/micro_ros_ws/src/pico-sdk/src/rp2_common/pico_double/double_aeabi_rp2040.S.o
                0x0000000010001cfc                __wrap___aeabi_cdrcmple
                0x0000000010001d0c                __wrap___aeabi_cdcmple
                0x0000000010001d0c                __wrap___aeabi_cdcmpeq
 .text.__wrap___aeabi_dcmplt
                0x0000000010001d68        0xc CMakeFiles/test.dir/home/pc12/micro_ros_ws/src/pico-sdk/src/rp2_common/pico_double/double_aeabi_rp2040.S.o
                0x0000000010001d68                __wrap___aeabi_dcmplt
 .text.__wrap___aeabi_dcmple
                0x0000000010001d74       0x10 CMakeFiles/test.dir/home/pc12/micro_ros_ws/src/pico-sdk/src/rp2_common/pico_double/double_aeabi_rp2040.S.o
                0x0000000010001d74                __wrap___aeabi_dcmple
 .text.__wrap___aeabi_dcmpge
                0x0000000010001d84       0x10 CMakeFiles/test.dir/home/pc12/micro_ros_ws/src/pico-sdk/src/rp2_common/pico_double/double_aeabi_rp2040.S.o
                0x0000000010001d84                __wrap___aeabi_dcmpge
 .text.__wrap___aeabi_dcmpgt
                0x0000000010001d94        0xa CMakeFiles/test.dir/home/pc12/micro_ros_ws/src/pico-sdk/src/rp2_common/pico_double/double_aeabi_rp2040.S.o
                0x0000000010001d94                __wrap___aeabi_dcmpgt
 .text.__wrap___aeabi_dcmpun
                0x0000000010001d9e       0x18 CMakeFiles/test.dir/home/pc12/micro_ros_ws/src/pico-sdk/src/rp2_common/pico_double/double_aeabi_rp2040.S.o
                0x0000000010001d9e                __wrap___aeabi_dcmpun
 *fill*         0x0000000010001db6        0x2 
 .text.__wrap___aeabi_i2d
                0x0000000010001db8       0x38 CMakeFiles/test.dir/home/pc12/micro_ros_ws/src/pico-sdk/src/rp2_common/pico_double/double_aeabi_rp2040.S.o
                0x0000000010001db8                __wrap___aeabi_ui2d
                0x0000000010001db8                uint2double
                0x0000000010001dc0                __wrap___aeabi_i2d
                0x0000000010001dc0                int2double
 .text.__wrap___aeabi_d2iz
                0x0000000010001df0       0x48 CMakeFiles/test.dir/home/pc12/micro_ros_ws/src/pico-sdk/src/rp2_common/pico_double/double_aeabi_rp2040.S.o
                0x0000000010001df0                __wrap___aeabi_d2iz
                0x0000000010001df0                double2int_z
 .text.__wrap___aeabi_d2uiz
                0x0000000010001e38       0x18 CMakeFiles/test.dir/home/pc12/micro_ros_ws/src/pico-sdk/src/rp2_common/pico_double/double_aeabi_rp2040.S.o
                0x0000000010001e38                double2uint_z
                0x0000000010001e38                double2uint
                0x0000000010001e38                __wrap___aeabi_d2uiz
 .text.__aeabi_double_init
                0x0000000010001e50       0xa0 CMakeFiles/test.dir/home/pc12/micro_ros_ws/src/pico-sdk/src/rp2_common/pico_double/double_init_rom_rp2040.c.o
                0x0000000010001e50                __aeabi_double_init
 .text.double_table_shim_on_use_helper
                0x0000000010001ef0       0x2c CMakeFiles/test.dir/home/pc12/micro_ros_ws/src/pico-sdk/src/rp2_common/pico_double/double_v1_rom_shim_rp2040.S.o
                0x0000000010001ef0                double_table_shim_on_use_helper
 .text.__wrap___aeabi_dsub
                0x0000000010001f1c       0x10 CMakeFiles/test.dir/home/pc12/micro_ros_ws/src/pico-sdk/src/rp2_common/pico_double/double_v1_rom_shim_rp2040.S.o
                0x0000000010001f1c                drsub_shim
                0x0000000010001f22                dsub_shim
 .text.dadd_shim
                0x0000000010001f2c      0x15c CMakeFiles/test.dir/home/pc12/micro_ros_ws/src/pico-sdk/src/rp2_common/pico_double/double_v1_rom_shim_rp2040.S.o
                0x0000000010001f2c                dadd_shim
 .text.dmul_shim
                0x0000000010002088      0x15c CMakeFiles/test.dir/home/pc12/micro_ros_ws/src/pico-sdk/src/rp2_common/pico_double/double_v1_rom_shim_rp2040.S.o
                0x0000000010002088                dmul_shim
 .text.ddiv_shim
                0x00000000100021e4      0x1b0 CMakeFiles/test.dir/home/pc12/micro_ros_ws/src/pico-sdk/src/rp2_common/pico_double/double_v1_rom_shim_rp2040.S.o
                0x00000000100021e4                ddiv_shim
 .text.double2uint_shim
                0x0000000010002394        0xe CMakeFiles/test.dir/home/pc12/micro_ros_ws/src/pico-sdk/src/rp2_common/pico_double/double_v1_rom_shim_rp2040.S.o
                0x0000000010002394                double2uint_shim
                0x0000000010002396                double2ufix_shim
 *fill*         0x00000000100023a2        0x2 
 .text.double2uint64_shim
                0x00000000100023a4       0x70 CMakeFiles/test.dir/home/pc12/micro_ros_ws/src/pico-sdk/src/rp2_common/pico_double/double_v1_rom_shim_rp2040.S.o
                0x00000000100023a4                double2uint64_shim
                0x00000000100023a6                double2ufix64_shim
                0x00000000100023c6                d2fix_a
 .text.dunpacks
                0x0000000010002414       0x3c CMakeFiles/test.dir/home/pc12/micro_ros_ws/src/pico-sdk/src/rp2_common/pico_double/double_v1_rom_shim_rp2040.S.o
                0x0000000010002414                dunpacks
 .text.__aeabi_lmul
                0x0000000010002450       0x32 CMakeFiles/test.dir/home/pc12/micro_ros_ws/src/pico-sdk/src/rp2_common/pico_int64_ops/pico_int64_ops_aeabi.S.o
                0x0000000010002450                __wrap___aeabi_lmul
 *fill*         0x0000000010002482        0x2 
 .text.__wrap___aeabi_farithmetic
                0x0000000010002484       0x48 CMakeFiles/test.dir/home/pc12/micro_ros_ws/src/pico-sdk/src/rp2_common/pico_float/float_aeabi_rp2040.S.o
                0x0000000010002484                __wrap___aeabi_frsub
                0x000000001000248a                __wrap___aeabi_fsub
                0x0000000010002490                __wrap___aeabi_fadd
                0x0000000010002496                __wrap___aeabi_fdiv
                0x00000000100024be                __wrap___aeabi_fmul
 .text.__wrap___aeabi_ui2f
                0x00000000100024cc        0xa CMakeFiles/test.dir/home/pc12/micro_ros_ws/src/pico-sdk/src/rp2_common/pico_float/float_aeabi_rp2040.S.o
                0x00000000100024cc                uint2float
                0x00000000100024cc                __wrap___aeabi_ui2f
 *fill*         0x00000000100024d6        0x2 
 .text.__wrap___aeabi_i2f
                0x00000000100024d8       0x44 CMakeFiles/test.dir/home/pc12/micro_ros_ws/src/pico-sdk/src/rp2_common/pico_float/float_aeabi_rp2040.S.o
                0x00000000100024d8                int2float
                0x00000000100024d8                __wrap___aeabi_i2f
 .text.__wrap___aeabi_f2iz
                0x000000001000251c       0x4e CMakeFiles/test.dir/home/pc12/micro_ros_ws/src/pico-sdk/src/rp2_common/pico_float/float_aeabi_rp2040.S.o
                0x000000001000251c                __wrap___aeabi_f2iz
                0x000000001000251c                float2int_z
 *fill*         0x000000001000256a        0x2 
 .text.float2int
                0x000000001000256c       0x14 CMakeFiles/test.dir/home/pc12/micro_ros_ws/src/pico-sdk/src/rp2_common/pico_float/float_aeabi_rp2040.S.o
                0x000000001000256c                float2int
 .text.__wrap___aeabi_f2uiz
                0x0000000010002580        0xc CMakeFiles/test.dir/home/pc12/micro_ros_ws/src/pico-sdk/src/rp2_common/pico_float/float_aeabi_rp2040.S.o
                0x0000000010002580                float2uint
                0x0000000010002580                float2uint_z
                0x0000000010002580                __wrap___aeabi_f2uiz
 .text.__aeabi_float_init
                0x000000001000258c       0x64 CMakeFiles/test.dir/home/pc12/micro_ros_ws/src/pico-sdk/src/rp2_common/pico_float/float_init_rom_rp2040.c.o
                0x000000001000258c                __aeabi_float_init
 .text.float_table_shim_on_use_helper
                0x00000000100025f0       0x2c CMakeFiles/test.dir/home/pc12/micro_ros_ws/src/pico-sdk/src/rp2_common/pico_float/float_v1_rom_shim_rp2040.S.o
                0x00000000100025f0                float_table_shim_on_use_helper
 .text.float232_shims
                0x000000001000261c       0x18 CMakeFiles/test.dir/home/pc12/micro_ros_ws/src/pico-sdk/src/rp2_common/pico_float/float_v1_rom_shim_rp2040.S.o
                0x000000001000261c                float2int_shim
                0x000000001000261e                float2fix_shim
 .text.__wrap_malloc
                0x0000000010002634       0x24 CMakeFiles/test.dir/home/pc12/micro_ros_ws/src/pico-sdk/src/rp2_common/pico_malloc/malloc.c.o
                0x0000000010002634                __wrap_malloc
 .text.__wrap_calloc
                0x0000000010002658       0x28 CMakeFiles/test.dir/home/pc12/micro_ros_ws/src/pico-sdk/src/rp2_common/pico_malloc/malloc.c.o
                0x0000000010002658                __wrap_calloc
 .text.__wrap_realloc
                0x0000000010002680       0x24 CMakeFiles/test.dir/home/pc12/micro_ros_ws/src/pico-sdk/src/rp2_common/pico_malloc/malloc.c.o
                0x0000000010002680                __wrap_realloc
 .text.__wrap_free
                0x00000000100026a4        0x8 CMakeFiles/test.dir/home/pc12/micro_ros_ws/src/pico-sdk/src/rp2_common/pico_malloc/malloc.c.o
                0x00000000100026a4                __wrap_free
 .text          0x00000000100026ac       0x10 CMakeFiles/test.dir/home/pc12/micro_ros_ws/src/pico-sdk/src/rp2_common/pico_mem_ops/mem_ops_aeabi.S.o
                0x00000000100026ac                __aeabi_mem_init
 .text.memset   0x00000000100026bc        0xc CMakeFiles/test.dir/home/pc12/micro_ros_ws/src/pico-sdk/src/rp2_common/pico_mem_ops/mem_ops_aeabi.S.o
                0x00000000100026bc                __wrap_memset
 .text.memcpy   0x00000000100026c8        0xc CMakeFiles/test.dir/home/pc12/micro_ros_ws/src/pico-sdk/src/rp2_common/pico_mem_ops/mem_ops_aeabi.S.o
                0x00000000100026c8                __wrap___aeabi_memcpy
                0x00000000100026c8                __wrap_memcpy
 .text.__atomic_load_8
                0x00000000100026d4       0x28 CMakeFiles/test.dir/home/pc12/micro_ros_ws/src/pico-sdk/src/rp2_common/pico_atomic/atomic.c.o
                0x00000000100026d4                __atomic_load_8
 .text.__atomic_store_8
                0x00000000100026fc       0x30 CMakeFiles/test.dir/home/pc12/micro_ros_ws/src/pico-sdk/src/rp2_common/pico_atomic/atomic.c.o
                0x00000000100026fc                __atomic_store_8
 .text.__atomic_exchange_8
                0x000000001000272c       0x38 CMakeFiles/test.dir/home/pc12/micro_ros_ws/src/pico-sdk/src/rp2_common/pico_atomic/atomic.c.o
                0x000000001000272c                __atomic_exchange_8
 .text._out_buffer
                0x0000000010002764        0x8 CMakeFiles/test.dir/home/pc12/micro_ros_ws/src/pico-sdk/src/rp2_common/pico_printf/printf.c.o
 .text._out_null
                0x000000001000276c        0x4 CMakeFiles/test.dir/home/pc12/micro_ros_ws/src/pico-sdk/src/rp2_common/pico_printf/printf.c.o
 .text._out_rev
                0x0000000010002770       0x9c CMakeFiles/test.dir/home/pc12/micro_ros_ws/src/pico-sdk/src/rp2_common/pico_printf/printf.c.o
 .text._ntoa_format
                0x000000001000280c      0x1cc CMakeFiles/test.dir/home/pc12/micro_ros_ws/src/pico-sdk/src/rp2_common/pico_printf/printf.c.o
 .text._out_char
                0x00000000100029d8       0x10 CMakeFiles/test.dir/home/pc12/micro_ros_ws/src/pico-sdk/src/rp2_common/pico_printf/printf.c.o
 .text._etoa    0x00000000100029e8      0x44c CMakeFiles/test.dir/home/pc12/micro_ros_ws/src/pico-sdk/src/rp2_common/pico_printf/printf.c.o
 .text._ftoa    0x0000000010002e34      0x398 CMakeFiles/test.dir/home/pc12/micro_ros_ws/src/pico-sdk/src/rp2_common/pico_printf/printf.c.o
 .text._vsnprintf
                0x00000000100031cc      0xb04 CMakeFiles/test.dir/home/pc12/micro_ros_ws/src/pico-sdk/src/rp2_common/pico_printf/printf.c.o
 .text.__wrap_snprintf
                0x0000000010003cd0       0x28 CMakeFiles/test.dir/home/pc12/micro_ros_ws/src/pico-sdk/src/rp2_common/pico_printf/printf.c.o
                0x0000000010003cd0                __wrap_snprintf
 .text.__wrap_vsnprintf
                0x0000000010003cf8       0x1c CMakeFiles/test.dir/home/pc12/micro_ros_ws/src/pico-sdk/src/rp2_common/pico_printf/printf.c.o
                0x0000000010003cf8                __wrap_vsnprintf
 .text.weak_raw_vprintf
                0x0000000010003d14       0x30 CMakeFiles/test.dir/home/pc12/micro_ros_ws/src/pico-sdk/src/rp2_common/pico_printf/printf.c.o
                0x0000000010003d14                weak_raw_vprintf
 .text._exit    0x0000000010003d44        0x4 CMakeFiles/test.dir/home/pc12/micro_ros_ws/src/pico-sdk/src/rp2_common/pico_clib_interface/newlib_interface.c.o
                0x0000000010003d44                _exit
 .text._sbrk    0x0000000010003d48       0x34 CMakeFiles/test.dir/home/pc12/micro_ros_ws/src/pico-sdk/src/rp2_common/pico_clib_interface/newlib_interface.c.o
                0x0000000010003d48                _sbrk
 .text.exit     0x0000000010003d7c        0x8 CMakeFiles/test.dir/home/pc12/micro_ros_ws/src/pico-sdk/src/rp2_common/pico_clib_interface/newlib_interface.c.o
                0x0000000010003d7c                exit
 .text.runtime_init
                0x0000000010003d84       0x2c CMakeFiles/test.dir/home/pc12/micro_ros_ws/src/pico-sdk/src/rp2_common/pico_clib_interface/newlib_interface.c.o
                0x0000000010003d84                runtime_init
 .text.stdio_out_chars_no_crlf
                0x0000000010003db0       0x10 CMakeFiles/test.dir/home/pc12/micro_ros_ws/src/pico-sdk/src/rp2_common/pico_stdio/stdio.c.o
 .text.stdio_out_chars_crlf
                0x0000000010003dc0       0xb4 CMakeFiles/test.dir/home/pc12/micro_ros_ws/src/pico-sdk/src/rp2_common/pico_stdio/stdio.c.o
 .text.stdio_put_string
                0x0000000010003e74      0x100 CMakeFiles/test.dir/home/pc12/micro_ros_ws/src/pico-sdk/src/rp2_common/pico_stdio/stdio.c.o
                0x0000000010003e74                stdio_put_string
 .text.__wrap_putchar
                0x0000000010003f74       0x98 CMakeFiles/test.dir/home/pc12/micro_ros_ws/src/pico-sdk/src/rp2_common/pico_stdio/stdio.c.o
                0x0000000010003f74                stdio_putchar
                0x0000000010003f74                __wrap_putchar
 .text.__wrap_puts
                0x000000001000400c       0x3c CMakeFiles/test.dir/home/pc12/micro_ros_ws/src/pico-sdk/src/rp2_common/pico_stdio/stdio.c.o
                0x000000001000400c                __wrap_puts
                0x000000001000400c                stdio_puts
 .text.rcl_get_zero_initialized_publisher
                0x0000000010004048        0xc /home/pc12/micro_ros_ws/src/micro_ros_raspberrypi_pico_sdk/libmicroros/libmicroros.a(librcl-publisher.c.obj)
                0x0000000010004048                rcl_get_zero_initialized_publisher
 .text.rcl_publisher_init
                0x0000000010004054      0x13c /home/pc12/micro_ros_ws/src/micro_ros_raspberrypi_pico_sdk/libmicroros/libmicroros.a(librcl-publisher.c.obj)
                0x0000000010004054                rcl_publisher_init
 .text.rcl_publisher_get_default_options
                0x0000000010004190       0x74 /home/pc12/micro_ros_ws/src/micro_ros_raspberrypi_pico_sdk/libmicroros/libmicroros.a(librcl-publisher.c.obj)
                0x0000000010004190                rcl_publisher_get_default_options
 .text.rcl_publish
                0x0000000010004204       0x4c /home/pc12/micro_ros_ws/src/micro_ros_raspberrypi_pico_sdk/libmicroros/libmicroros.a(librcl-publisher.c.obj)
                0x0000000010004204                rcl_publish
 .text.rcl_publisher_is_valid
                0x0000000010004250       0x30 /home/pc12/micro_ros_ws/src/micro_ros_raspberrypi_pico_sdk/libmicroros/libmicroros.a(librcl-publisher.c.obj)
                0x0000000010004250                rcl_publisher_is_valid
 .text.rcl_publisher_is_valid_except_context
                0x0000000010004280       0x1c /home/pc12/micro_ros_ws/src/micro_ros_raspberrypi_pico_sdk/libmicroros/libmicroros.a(librcl-publisher.c.obj)
                0x0000000010004280                rcl_publisher_is_valid_except_context
 .text._rclc_check_for_new_data
                0x000000001000429c       0x94 /home/pc12/micro_ros_ws/src/micro_ros_raspberrypi_pico_sdk/libmicroros/libmicroros.a(librclc-executor.c.obj)
 .text._rclc_take_new_data
                0x0000000010004330      0x2dc /home/pc12/micro_ros_ws/src/micro_ros_raspberrypi_pico_sdk/libmicroros/libmicroros.a(librclc-executor.c.obj)
 .text.rclc_executor_trigger_any
                0x000000001000460c       0x6c /home/pc12/micro_ros_ws/src/micro_ros_raspberrypi_pico_sdk/libmicroros/libmicroros.a(librclc-executor.c.obj)
                0x000000001000460c                rclc_executor_trigger_any
 .text._rclc_execute
                0x0000000010004678      0x300 /home/pc12/micro_ros_ws/src/micro_ros_raspberrypi_pico_sdk/libmicroros/libmicroros.a(librclc-executor.c.obj)
 .text.rclc_executor_init
                0x0000000010004978       0xc0 /home/pc12/micro_ros_ws/src/micro_ros_raspberrypi_pico_sdk/libmicroros/libmicroros.a(librclc-executor.c.obj)
                0x0000000010004978                rclc_executor_init
 .text.rclc_executor_add_subscription
                0x0000000010004a38       0x74 /home/pc12/micro_ros_ws/src/micro_ros_raspberrypi_pico_sdk/libmicroros/libmicroros.a(librclc-executor.c.obj)
                0x0000000010004a38                rclc_executor_add_subscription
 .text.rclc_executor_add_timer
                0x0000000010004aac       0x54 /home/pc12/micro_ros_ws/src/micro_ros_raspberrypi_pico_sdk/libmicroros/libmicroros.a(librclc-executor.c.obj)
                0x0000000010004aac                rclc_executor_add_timer
 .text.rclc_executor_prepare
                0x0000000010004b00       0x8c /home/pc12/micro_ros_ws/src/micro_ros_raspberrypi_pico_sdk/libmicroros/libmicroros.a(librclc-executor.c.obj)
                0x0000000010004b00                rclc_executor_prepare
 .text.rclc_executor_spin_some
                0x0000000010004b8c      0x2d0 /home/pc12/micro_ros_ws/src/micro_ros_raspberrypi_pico_sdk/libmicroros/libmicroros.a(librclc-executor.c.obj)
                0x0000000010004b8c                rclc_executor_spin_some
 .text.rclc_executor_handle_counters_zero_init
                0x0000000010004e5c       0x18 /home/pc12/micro_ros_ws/src/micro_ros_raspberrypi_pico_sdk/libmicroros/libmicroros.a(librclc-executor_handle.c.obj)
                0x0000000010004e5c                rclc_executor_handle_counters_zero_init
 .text.rclc_executor_handle_init
                0x0000000010004e74       0x20 /home/pc12/micro_ros_ws/src/micro_ros_raspberrypi_pico_sdk/libmicroros/libmicroros.a(librclc-executor_handle.c.obj)
                0x0000000010004e74                rclc_executor_handle_init
 .text.rclc_support_init
                0x0000000010004e94       0x94 /home/pc12/micro_ros_ws/src/micro_ros_raspberrypi_pico_sdk/libmicroros/libmicroros.a(librclc-init.c.obj)
                0x0000000010004e94                rclc_support_init
 .text.rclc_node_init_default
                0x0000000010004f28       0x74 /home/pc12/micro_ros_ws/src/micro_ros_raspberrypi_pico_sdk/libmicroros/libmicroros.a(librclc-node.c.obj)
                0x0000000010004f28                rclc_node_init_default
 .text.rclc_publisher_init_default
                0x0000000010004f9c       0x68 /home/pc12/micro_ros_ws/src/micro_ros_raspberrypi_pico_sdk/libmicroros/libmicroros.a(librclc-publisher.c.obj)
                0x0000000010004f9c                rclc_publisher_init_default
 .text.rclc_subscription_init_default
                0x0000000010005004       0x68 /home/pc12/micro_ros_ws/src/micro_ros_raspberrypi_pico_sdk/libmicroros/libmicroros.a(librclc-subscription.c.obj)
                0x0000000010005004                rclc_subscription_init_default
 .text.rclc_timer_init_default
                0x000000001000506c       0x64 /home/pc12/micro_ros_ws/src/micro_ros_raspberrypi_pico_sdk/libmicroros/libmicroros.a(librclc-timer.c.obj)
                0x000000001000506c                rclc_timer_init_default
 .text.__default_zero_allocate
                0x00000000100050d0        0x8 /home/pc12/micro_ros_ws/src/micro_ros_raspberrypi_pico_sdk/libmicroros/libmicroros.a(librcutils-allocator.c.obj)
 .text.__default_reallocate
                0x00000000100050d8        0x8 /home/pc12/micro_ros_ws/src/micro_ros_raspberrypi_pico_sdk/libmicroros/libmicroros.a(librcutils-allocator.c.obj)
 .text.__default_deallocate
                0x00000000100050e0        0x8 /home/pc12/micro_ros_ws/src/micro_ros_raspberrypi_pico_sdk/libmicroros/libmicroros.a(librcutils-allocator.c.obj)
 .text.__default_allocate
                0x00000000100050e8        0x8 /home/pc12/micro_ros_ws/src/micro_ros_raspberrypi_pico_sdk/libmicroros/libmicroros.a(librcutils-allocator.c.obj)
 .text.rcutils_get_zero_initialized_allocator
                0x00000000100050f0       0x14 /home/pc12/micro_ros_ws/src/micro_ros_raspberrypi_pico_sdk/libmicroros/libmicroros.a(librcutils-allocator.c.obj)
                0x00000000100050f0                rcutils_get_zero_initialized_allocator
 .text.rcutils_get_default_allocator
                0x0000000010005104       0x14 /home/pc12/micro_ros_ws/src/micro_ros_raspberrypi_pico_sdk/libmicroros/libmicroros.a(librcutils-allocator.c.obj)
                0x0000000010005104                rcutils_get_default_allocator
 .text.rcutils_allocator_is_valid
                0x0000000010005118       0x24 /home/pc12/micro_ros_ws/src/micro_ros_raspberrypi_pico_sdk/libmicroros/libmicroros.a(librcutils-allocator.c.obj)
                0x0000000010005118                rcutils_allocator_is_valid
 .text.rcutils_get_error_string
                0x000000001000513c       0x34 /home/pc12/micro_ros_ws/src/micro_ros_raspberrypi_pico_sdk/libmicroros/libmicroros.a(librcutils-error_handling.c.obj)
                0x000000001000513c                rcutils_get_error_string
 .text.rcutils_reset_error
                0x0000000010005170       0x38 /home/pc12/micro_ros_ws/src/micro_ros_raspberrypi_pico_sdk/libmicroros/libmicroros.a(librcutils-error_handling.c.obj)
                0x0000000010005170                rcutils_reset_error
 .text.rcutils_system_time_now
                0x00000000100051a8       0x58 /home/pc12/micro_ros_ws/src/micro_ros_raspberrypi_pico_sdk/libmicroros/libmicroros.a(librcutils-time_unix.c.obj)
                0x00000000100051a8                rcutils_system_time_now
 .text.rcutils_steady_time_now
                0x0000000010005200       0x58 /home/pc12/micro_ros_ws/src/micro_ros_raspberrypi_pico_sdk/libmicroros/libmicroros.a(librcutils-time_unix.c.obj)
                0x0000000010005200                rcutils_steady_time_now
 .text.rmw_get_default_publisher_options
                0x0000000010005258        0x8 /home/pc12/micro_ros_ws/src/micro_ros_raspberrypi_pico_sdk/libmicroros/libmicroros.a(librmw-publisher_options.c.obj)
                0x0000000010005258                rmw_get_default_publisher_options
 .text.rmw_uros_set_custom_transport
                0x0000000010005260       0x34 /home/pc12/micro_ros_ws/src/micro_ros_raspberrypi_pico_sdk/libmicroros/libmicroros.a(librmw_microxrcedds-custom_transport.c.obj)
                0x0000000010005260                rmw_uros_set_custom_transport
 .text.rmw_uros_ping_agent
                0x0000000010005294       0xa0 /home/pc12/micro_ros_ws/src/micro_ros_raspberrypi_pico_sdk/libmicroros/libmicroros.a(librmw_microxrcedds-ping.c.obj)
                0x0000000010005294                rmw_uros_ping_agent
 .text.flush_session
                0x0000000010005334        0xc /home/pc12/micro_ros_ws/src/micro_ros_raspberrypi_pico_sdk/libmicroros/libmicroros.a(librmw_microxrcedds-rmw_publish.c.obj)
                0x0000000010005334                flush_session
 .text.rmw_publish
                0x0000000010005340       0xd0 /home/pc12/micro_ros_ws/src/micro_ros_raspberrypi_pico_sdk/libmicroros/libmicroros.a(librmw_microxrcedds-rmw_publish.c.obj)
                0x0000000010005340                rmw_publish
 .text.rmw_create_publisher
                0x0000000010005410      0x204 /home/pc12/micro_ros_ws/src/micro_ros_raspberrypi_pico_sdk/libmicroros/libmicroros.a(librmw_microxrcedds-rmw_publisher.c.obj)
                0x0000000010005410                rmw_create_publisher
 .text.rmw_publisher_get_actual_qos
                0x0000000010005614       0x20 /home/pc12/micro_ros_ws/src/micro_ros_raspberrypi_pico_sdk/libmicroros/libmicroros.a(librmw_microxrcedds-rmw_publisher.c.obj)
                0x0000000010005614                rmw_publisher_get_actual_qos
 .text.rmw_destroy_publisher
                0x0000000010005634       0xe4 /home/pc12/micro_ros_ws/src/micro_ros_raspberrypi_pico_sdk/libmicroros/libmicroros.a(librmw_microxrcedds-rmw_publisher.c.obj)
                0x0000000010005634                rmw_destroy_publisher
 .text.rmw_uxrce_transport_init
                0x0000000010005718       0x2c /home/pc12/micro_ros_ws/src/micro_ros_raspberrypi_pico_sdk/libmicroros/libmicroros.a(librmw_microxrcedds-rmw_uxrce_transports.c.obj)
                0x0000000010005718                rmw_uxrce_transport_init
 .text.rmw_uxrce_init_service_memory
                0x0000000010005744       0x48 /home/pc12/micro_ros_ws/src/micro_ros_raspberrypi_pico_sdk/libmicroros/libmicroros.a(librmw_microxrcedds-types.c.obj)
                0x0000000010005744                rmw_uxrce_init_service_memory
 .text.rmw_uxrce_init_client_memory
                0x000000001000578c       0x48 /home/pc12/micro_ros_ws/src/micro_ros_raspberrypi_pico_sdk/libmicroros/libmicroros.a(librmw_microxrcedds-types.c.obj)
                0x000000001000578c                rmw_uxrce_init_client_memory
 .text.rmw_uxrce_init_publisher_memory
                0x00000000100057d4       0x48 /home/pc12/micro_ros_ws/src/micro_ros_raspberrypi_pico_sdk/libmicroros/libmicroros.a(librmw_microxrcedds-types.c.obj)
                0x00000000100057d4                rmw_uxrce_init_publisher_memory
 .text.rmw_uxrce_init_subscription_memory
                0x000000001000581c       0x48 /home/pc12/micro_ros_ws/src/micro_ros_raspberrypi_pico_sdk/libmicroros/libmicroros.a(librmw_microxrcedds-types.c.obj)
                0x000000001000581c                rmw_uxrce_init_subscription_memory
 .text.rmw_uxrce_init_node_memory
                0x0000000010005864       0x48 /home/pc12/micro_ros_ws/src/micro_ros_raspberrypi_pico_sdk/libmicroros/libmicroros.a(librmw_microxrcedds-types.c.obj)
                0x0000000010005864                rmw_uxrce_init_node_memory
 .text.rmw_uxrce_init_session_memory
                0x00000000100058ac       0x50 /home/pc12/micro_ros_ws/src/micro_ros_raspberrypi_pico_sdk/libmicroros/libmicroros.a(librmw_microxrcedds-types.c.obj)
                0x00000000100058ac                rmw_uxrce_init_session_memory
 .text.rmw_uxrce_init_topic_memory
                0x00000000100058fc       0x48 /home/pc12/micro_ros_ws/src/micro_ros_raspberrypi_pico_sdk/libmicroros/libmicroros.a(librmw_microxrcedds-types.c.obj)
                0x00000000100058fc                rmw_uxrce_init_topic_memory
 .text.rmw_uxrce_init_static_input_buffer_memory
                0x0000000010005944       0x50 /home/pc12/micro_ros_ws/src/micro_ros_raspberrypi_pico_sdk/libmicroros/libmicroros.a(librmw_microxrcedds-types.c.obj)
                0x0000000010005944                rmw_uxrce_init_static_input_buffer_memory
 .text.rmw_uxrce_init_init_options_impl_memory
                0x0000000010005994       0x48 /home/pc12/micro_ros_ws/src/micro_ros_raspberrypi_pico_sdk/libmicroros/libmicroros.a(librmw_microxrcedds-types.c.obj)
                0x0000000010005994                rmw_uxrce_init_init_options_impl_memory
 .text.rmw_uxrce_init_wait_set_memory
                0x00000000100059dc       0x48 /home/pc12/micro_ros_ws/src/micro_ros_raspberrypi_pico_sdk/libmicroros/libmicroros.a(librmw_microxrcedds-types.c.obj)
                0x00000000100059dc                rmw_uxrce_init_wait_set_memory
 .text.rmw_uxrce_init_guard_condition_memory
                0x0000000010005a24       0x48 /home/pc12/micro_ros_ws/src/micro_ros_raspberrypi_pico_sdk/libmicroros/libmicroros.a(librmw_microxrcedds-types.c.obj)
                0x0000000010005a24                rmw_uxrce_init_guard_condition_memory
 .text.rmw_uxrce_fini_session_memory
                0x0000000010005a6c       0x14 /home/pc12/micro_ros_ws/src/micro_ros_raspberrypi_pico_sdk/libmicroros/libmicroros.a(librmw_microxrcedds-types.c.obj)
                0x0000000010005a6c                rmw_uxrce_fini_session_memory
 .text.rmw_uxrce_fini_node_memory
                0x0000000010005a80       0x34 /home/pc12/micro_ros_ws/src/micro_ros_raspberrypi_pico_sdk/libmicroros/libmicroros.a(librmw_microxrcedds-types.c.obj)
                0x0000000010005a80                rmw_uxrce_fini_node_memory
 .text.rmw_uxrce_fini_publisher_memory
                0x0000000010005ab4       0x34 /home/pc12/micro_ros_ws/src/micro_ros_raspberrypi_pico_sdk/libmicroros/libmicroros.a(librmw_microxrcedds-types.c.obj)
                0x0000000010005ab4                rmw_uxrce_fini_publisher_memory
 .text.rmw_uxrce_fini_subscription_memory
                0x0000000010005ae8       0x34 /home/pc12/micro_ros_ws/src/micro_ros_raspberrypi_pico_sdk/libmicroros/libmicroros.a(librmw_microxrcedds-types.c.obj)
                0x0000000010005ae8                rmw_uxrce_fini_subscription_memory
 .text.rmw_uxrce_fini_service_memory
                0x0000000010005b1c       0x34 /home/pc12/micro_ros_ws/src/micro_ros_raspberrypi_pico_sdk/libmicroros/libmicroros.a(librmw_microxrcedds-types.c.obj)
                0x0000000010005b1c                rmw_uxrce_fini_service_memory
 .text.rmw_uxrce_fini_client_memory
                0x0000000010005b50       0x34 /home/pc12/micro_ros_ws/src/micro_ros_raspberrypi_pico_sdk/libmicroros/libmicroros.a(librmw_microxrcedds-types.c.obj)
                0x0000000010005b50                rmw_uxrce_fini_client_memory
 .text.rmw_uxrce_fini_topic_memory
                0x0000000010005b84       0x18 /home/pc12/micro_ros_ws/src/micro_ros_raspberrypi_pico_sdk/libmicroros/libmicroros.a(librmw_microxrcedds-types.c.obj)
                0x0000000010005b84                rmw_uxrce_fini_topic_memory
 .text.rmw_uxrce_get_static_input_buffer_for_entity
                0x0000000010005b9c       0xb4 /home/pc12/micro_ros_ws/src/micro_ros_raspberrypi_pico_sdk/libmicroros/libmicroros.a(librmw_microxrcedds-types.c.obj)
                0x0000000010005b9c                rmw_uxrce_get_static_input_buffer_for_entity
 .text.rmw_uxrce_find_static_input_buffer_by_owner
                0x0000000010005c50       0x5c /home/pc12/micro_ros_ws/src/micro_ros_raspberrypi_pico_sdk/libmicroros/libmicroros.a(librmw_microxrcedds-types.c.obj)
                0x0000000010005c50                rmw_uxrce_find_static_input_buffer_by_owner
 .text.rmw_uxrce_clean_expired_static_input_buffer
                0x0000000010005cac      0x108 /home/pc12/micro_ros_ws/src/micro_ros_raspberrypi_pico_sdk/libmicroros/libmicroros.a(librmw_microxrcedds-types.c.obj)
                0x0000000010005cac                rmw_uxrce_clean_expired_static_input_buffer
 .text.run_xrce_session
                0x0000000010005db4       0x44 /home/pc12/micro_ros_ws/src/micro_ros_raspberrypi_pico_sdk/libmicroros/libmicroros.a(librmw_microxrcedds-utils.c.obj)
                0x0000000010005db4                run_xrce_session
 .text.convert_qos_profile
                0x0000000010005df8       0x28 /home/pc12/micro_ros_ws/src/micro_ros_raspberrypi_pico_sdk/libmicroros/libmicroros.a(librmw_microxrcedds-utils.c.obj)
                0x0000000010005df8                convert_qos_profile
 .text.generate_type_name
                0x0000000010005e20       0x68 /home/pc12/micro_ros_ws/src/micro_ros_raspberrypi_pico_sdk/libmicroros/libmicroros.a(librmw_microxrcedds-utils.c.obj)
                0x0000000010005e20                generate_type_name
 .text.generate_topic_name
                0x0000000010005e88       0x38 /home/pc12/micro_ros_ws/src/micro_ros_raspberrypi_pico_sdk/libmicroros/libmicroros.a(librmw_microxrcedds-utils.c.obj)
                0x0000000010005e88                generate_topic_name
 .text.is_uxrce_rmw_identifier_valid
                0x0000000010005ec0       0x20 /home/pc12/micro_ros_ws/src/micro_ros_raspberrypi_pico_sdk/libmicroros/libmicroros.a(librmw_microxrcedds-utils.c.obj)
                0x0000000010005ec0                is_uxrce_rmw_identifier_valid
 .text.get_message_typesupport_handle
                0x0000000010005ee0        0x8 /home/pc12/micro_ros_ws/src/micro_ros_raspberrypi_pico_sdk/libmicroros/libmicroros.a(librosidl_runtime_c-message_type_support.c.obj)
                0x0000000010005ee0                get_message_typesupport_handle
 .text.get_message_typesupport_handle_function
                0x0000000010005ee8       0x18 /home/pc12/micro_ros_ws/src/micro_ros_raspberrypi_pico_sdk/libmicroros/libmicroros.a(librosidl_runtime_c-message_type_support.c.obj)
                0x0000000010005ee8                get_message_typesupport_handle_function
 .text.rosidl_typesupport_c__get_message_type_support_handle__std_msgs__msg__Int32
                0x0000000010005f00       0x1c /home/pc12/micro_ros_ws/src/micro_ros_raspberrypi_pico_sdk/libmicroros/libmicroros.a(libstd_msgs__rosidl_typesupport_c-int32__type_support.cpp.obj)
                0x0000000010005f00                rosidl_typesupport_c__get_message_type_support_handle__std_msgs__msg__Int32
 .text.startup._GLOBAL__sub_I_rosidl_typesupport_c__get_message_type_support_handle__std_msgs__msg__Int32
                0x0000000010005f1c       0x14 /home/pc12/micro_ros_ws/src/micro_ros_raspberrypi_pico_sdk/libmicroros/libmicroros.a(libstd_msgs__rosidl_typesupport_c-int32__type_support.cpp.obj)
 .text.std_msgs__msg__Int32__rosidl_typesupport_introspection_c__Int32_init_function
                0x0000000010005f30        0x8 /home/pc12/micro_ros_ws/src/micro_ros_raspberrypi_pico_sdk/libmicroros/libmicroros.a(libstd_msgs__rosidl_typesupport_introspection_c-int32__type_support.c.obj)
                0x0000000010005f30                std_msgs__msg__Int32__rosidl_typesupport_introspection_c__Int32_init_function
 .text.std_msgs__msg__Int32__rosidl_typesupport_introspection_c__Int32_fini_function
                0x0000000010005f38        0x8 /home/pc12/micro_ros_ws/src/micro_ros_raspberrypi_pico_sdk/libmicroros/libmicroros.a(libstd_msgs__rosidl_typesupport_introspection_c-int32__type_support.c.obj)
                0x0000000010005f38                std_msgs__msg__Int32__rosidl_typesupport_introspection_c__Int32_fini_function
 .text.rosidl_typesupport_introspection_c__get_message_type_support_handle__std_msgs__msg__Int32
                0x0000000010005f40       0x1c /home/pc12/micro_ros_ws/src/micro_ros_raspberrypi_pico_sdk/libmicroros/libmicroros.a(libstd_msgs__rosidl_typesupport_introspection_c-int32__type_support.c.obj)
                0x0000000010005f40                rosidl_typesupport_introspection_c__get_message_type_support_handle__std_msgs__msg__Int32
 .text._Int32__max_serialized_size
                0x0000000010005f5c       0x10 /home/pc12/micro_ros_ws/src/micro_ros_raspberrypi_pico_sdk/libmicroros/libmicroros.a(libstd_msgs__rosidl_typesupport_microxrcedds_c-int32__type_support_c.c.obj)
 .text._Int32__cdr_deserialize
                0x0000000010005f6c       0x10 /home/pc12/micro_ros_ws/src/micro_ros_raspberrypi_pico_sdk/libmicroros/libmicroros.a(libstd_msgs__rosidl_typesupport_microxrcedds_c-int32__type_support_c.c.obj)
 .text.get_serialized_size_std_msgs__msg__Int32
                0x0000000010005f7c       0x18 /home/pc12/micro_ros_ws/src/micro_ros_raspberrypi_pico_sdk/libmicroros/libmicroros.a(libstd_msgs__rosidl_typesupport_microxrcedds_c-int32__type_support_c.c.obj)
                0x0000000010005f7c                get_serialized_size_std_msgs__msg__Int32
 .text._Int32__cdr_serialize
                0x0000000010005f94       0x18 /home/pc12/micro_ros_ws/src/micro_ros_raspberrypi_pico_sdk/libmicroros/libmicroros.a(libstd_msgs__rosidl_typesupport_microxrcedds_c-int32__type_support_c.c.obj)
 .text._Int32__get_serialized_size
                0x0000000010005fac       0x18 /home/pc12/micro_ros_ws/src/micro_ros_raspberrypi_pico_sdk/libmicroros/libmicroros.a(libstd_msgs__rosidl_typesupport_microxrcedds_c-int32__type_support_c.c.obj)
 .text.rosidl_typesupport_microxrcedds_c__get_message_type_support_handle__std_msgs__msg__Int32
                0x0000000010005fc4        0x8 /home/pc12/micro_ros_ws/src/micro_ros_raspberrypi_pico_sdk/libmicroros/libmicroros.a(libstd_msgs__rosidl_typesupport_microxrcedds_c-int32__type_support_c.c.obj)
                0x0000000010005fc4                rosidl_typesupport_microxrcedds_c__get_message_type_support_handle__std_msgs__msg__Int32
 .text.ucdr_serialize_bool
                0x0000000010005fcc       0x2c /home/pc12/micro_ros_ws/src/micro_ros_raspberrypi_pico_sdk/libmicroros/libmicroros.a(libmicrocdr-basic.c.obj)
                0x0000000010005fcc                ucdr_serialize_bool
 .text.ucdr_deserialize_bool
                0x0000000010005ff8       0x30 /home/pc12/micro_ros_ws/src/micro_ros_raspberrypi_pico_sdk/libmicroros/libmicroros.a(libmicrocdr-basic.c.obj)
                0x0000000010005ff8                ucdr_deserialize_bool
 .text.ucdr_serialize_uint8_t
                0x0000000010006028       0x2c /home/pc12/micro_ros_ws/src/micro_ros_raspberrypi_pico_sdk/libmicroros/libmicroros.a(libmicrocdr-basic.c.obj)
                0x0000000010006028                ucdr_serialize_uint8_t
 .text.ucdr_deserialize_uint8_t
                0x0000000010006054       0x30 /home/pc12/micro_ros_ws/src/micro_ros_raspberrypi_pico_sdk/libmicroros/libmicroros.a(libmicrocdr-basic.c.obj)
                0x0000000010006054                ucdr_deserialize_uint8_t
 .text.ucdr_serialize_uint16_t
                0x0000000010006084       0xe8 /home/pc12/micro_ros_ws/src/micro_ros_raspberrypi_pico_sdk/libmicroros/libmicroros.a(libmicrocdr-basic.c.obj)
                0x0000000010006084                ucdr_serialize_uint16_t
 .text.ucdr_serialize_endian_uint16_t
                0x000000001000616c       0xf0 /home/pc12/micro_ros_ws/src/micro_ros_raspberrypi_pico_sdk/libmicroros/libmicroros.a(libmicrocdr-basic.c.obj)
                0x000000001000616c                ucdr_serialize_endian_uint16_t
 .text.ucdr_deserialize_uint16_t
                0x000000001000625c       0xe0 /home/pc12/micro_ros_ws/src/micro_ros_raspberrypi_pico_sdk/libmicroros/libmicroros.a(libmicrocdr-basic.c.obj)
                0x000000001000625c                ucdr_deserialize_uint16_t
 .text.ucdr_deserialize_endian_uint16_t
                0x000000001000633c       0xe8 /home/pc12/micro_ros_ws/src/micro_ros_raspberrypi_pico_sdk/libmicroros/libmicroros.a(libmicrocdr-basic.c.obj)
                0x000000001000633c                ucdr_deserialize_endian_uint16_t
 .text.ucdr_serialize_uint32_t
                0x0000000010006424      0x110 /home/pc12/micro_ros_ws/src/micro_ros_raspberrypi_pico_sdk/libmicroros/libmicroros.a(libmicrocdr-basic.c.obj)
                0x0000000010006424                ucdr_serialize_uint32_t
 .text.ucdr_serialize_endian_uint32_t
                0x0000000010006534      0x110 /home/pc12/micro_ros_ws/src/micro_ros_raspberrypi_pico_sdk/libmicroros/libmicroros.a(libmicrocdr-basic.c.obj)
                0x0000000010006534                ucdr_serialize_endian_uint32_t
 .text.ucdr_deserialize_uint32_t
                0x0000000010006644      0x108 /home/pc12/micro_ros_ws/src/micro_ros_raspberrypi_pico_sdk/libmicroros/libmicroros.a(libmicrocdr-basic.c.obj)
                0x0000000010006644                ucdr_deserialize_uint32_t
 .text.ucdr_deserialize_endian_uint32_t
                0x000000001000674c      0x118 /home/pc12/micro_ros_ws/src/micro_ros_raspberrypi_pico_sdk/libmicroros/libmicroros.a(libmicrocdr-basic.c.obj)
                0x000000001000674c                ucdr_deserialize_endian_uint32_t
 .text.ucdr_serialize_uint64_t
                0x0000000010006864      0x160 /home/pc12/micro_ros_ws/src/micro_ros_raspberrypi_pico_sdk/libmicroros/libmicroros.a(libmicrocdr-basic.c.obj)
                0x0000000010006864                ucdr_serialize_uint64_t
 .text.ucdr_serialize_int16_t
                0x00000000100069c4       0xe8 /home/pc12/micro_ros_ws/src/micro_ros_raspberrypi_pico_sdk/libmicroros/libmicroros.a(libmicrocdr-basic.c.obj)
                0x00000000100069c4                ucdr_serialize_int16_t
 .text.ucdr_deserialize_int16_t
                0x0000000010006aac       0xe0 /home/pc12/micro_ros_ws/src/micro_ros_raspberrypi_pico_sdk/libmicroros/libmicroros.a(libmicrocdr-basic.c.obj)
                0x0000000010006aac                ucdr_deserialize_int16_t
 .text.ucdr_serialize_int32_t
                0x0000000010006b8c      0x110 /home/pc12/micro_ros_ws/src/micro_ros_raspberrypi_pico_sdk/libmicroros/libmicroros.a(libmicrocdr-basic.c.obj)
                0x0000000010006b8c                ucdr_serialize_int32_t
 .text.ucdr_deserialize_int32_t
                0x0000000010006c9c      0x108 /home/pc12/micro_ros_ws/src/micro_ros_raspberrypi_pico_sdk/libmicroros/libmicroros.a(libmicrocdr-basic.c.obj)
                0x0000000010006c9c                ucdr_deserialize_int32_t
 .text.ucdr_check_buffer_available_for
                0x0000000010006da4       0x18 /home/pc12/micro_ros_ws/src/micro_ros_raspberrypi_pico_sdk/libmicroros/libmicroros.a(libmicrocdr-common.c.obj)
                0x0000000010006da4                ucdr_check_buffer_available_for
 .text.ucdr_check_final_buffer_behavior
                0x0000000010006dbc       0x38 /home/pc12/micro_ros_ws/src/micro_ros_raspberrypi_pico_sdk/libmicroros/libmicroros.a(libmicrocdr-common.c.obj)
                0x0000000010006dbc                ucdr_check_final_buffer_behavior
 .text.ucdr_set_on_full_buffer_callback
                0x0000000010006df4        0x8 /home/pc12/micro_ros_ws/src/micro_ros_raspberrypi_pico_sdk/libmicroros/libmicroros.a(libmicrocdr-common.c.obj)
                0x0000000010006df4                ucdr_set_on_full_buffer_callback
 .text.ucdr_init_buffer_origin_offset_endian
                0x0000000010006dfc       0x28 /home/pc12/micro_ros_ws/src/micro_ros_raspberrypi_pico_sdk/libmicroros/libmicroros.a(libmicrocdr-common.c.obj)
                0x0000000010006dfc                ucdr_init_buffer_origin_offset_endian
 .text.ucdr_init_buffer_origin_offset
                0x0000000010006e24       0x14 /home/pc12/micro_ros_ws/src/micro_ros_raspberrypi_pico_sdk/libmicroros/libmicroros.a(libmicrocdr-common.c.obj)
                0x0000000010006e24                ucdr_init_buffer_origin_offset
 .text.ucdr_init_buffer_origin
                0x0000000010006e38       0x10 /home/pc12/micro_ros_ws/src/micro_ros_raspberrypi_pico_sdk/libmicroros/libmicroros.a(libmicrocdr-common.c.obj)
                0x0000000010006e38                ucdr_init_buffer_origin
 .text.ucdr_init_buffer
                0x0000000010006e48        0xc /home/pc12/micro_ros_ws/src/micro_ros_raspberrypi_pico_sdk/libmicroros/libmicroros.a(libmicrocdr-common.c.obj)
                0x0000000010006e48                ucdr_init_buffer
 .text.ucdr_alignment
                0x0000000010006e54       0x10 /home/pc12/micro_ros_ws/src/micro_ros_raspberrypi_pico_sdk/libmicroros/libmicroros.a(libmicrocdr-common.c.obj)
                0x0000000010006e54                ucdr_alignment
 .text.ucdr_buffer_alignment
                0x0000000010006e64       0x1c /home/pc12/micro_ros_ws/src/micro_ros_raspberrypi_pico_sdk/libmicroros/libmicroros.a(libmicrocdr-common.c.obj)
                0x0000000010006e64                ucdr_buffer_alignment
 .text.ucdr_align_to
                0x0000000010006e80       0x24 /home/pc12/micro_ros_ws/src/micro_ros_raspberrypi_pico_sdk/libmicroros/libmicroros.a(libmicrocdr-common.c.obj)
                0x0000000010006e80                ucdr_align_to
 .text.ucdr_buffer_length
                0x0000000010006ea4        0x8 /home/pc12/micro_ros_ws/src/micro_ros_raspberrypi_pico_sdk/libmicroros/libmicroros.a(libmicrocdr-common.c.obj)
                0x0000000010006ea4                ucdr_buffer_length
 .text.ucdr_buffer_remaining
                0x0000000010006eac        0x8 /home/pc12/micro_ros_ws/src/micro_ros_raspberrypi_pico_sdk/libmicroros/libmicroros.a(libmicrocdr-common.c.obj)
                0x0000000010006eac                ucdr_buffer_remaining
 .text.ucdr_check_final_buffer_behavior_array
                0x0000000010006eb4       0x44 /home/pc12/micro_ros_ws/src/micro_ros_raspberrypi_pico_sdk/libmicroros/libmicroros.a(libmicrocdr-common.c.obj)
                0x0000000010006eb4                ucdr_check_final_buffer_behavior_array
 .text.ucdr_advance_buffer
                0x0000000010006ef8       0x40 /home/pc12/micro_ros_ws/src/micro_ros_raspberrypi_pico_sdk/libmicroros/libmicroros.a(libmicrocdr-common.c.obj)
                0x0000000010006ef8                ucdr_advance_buffer
 .text.uxr_buffer_delete_entity
                0x0000000010006f38       0x3c /home/pc12/micro_ros_ws/src/micro_ros_raspberrypi_pico_sdk/libmicroros/libmicroros.a(libmicroxrcedds_client-common_create_entities.c.obj)
                0x0000000010006f38                uxr_buffer_delete_entity
 .text.uxr_common_create_entity
                0x0000000010006f74       0x54 /home/pc12/micro_ros_ws/src/micro_ros_raspberrypi_pico_sdk/libmicroros/libmicroros.a(libmicroxrcedds_client-common_create_entities.c.obj)
                0x0000000010006f74                uxr_common_create_entity
 .text.uxr_buffer_create_participant_bin
                0x0000000010006fc8       0x68 /home/pc12/micro_ros_ws/src/micro_ros_raspberrypi_pico_sdk/libmicroros/libmicroros.a(libmicroxrcedds_client-create_entities_bin.c.obj)
                0x0000000010006fc8                uxr_buffer_create_participant_bin
 .text.uxr_buffer_create_topic_bin
                0x0000000010007030       0x70 /home/pc12/micro_ros_ws/src/micro_ros_raspberrypi_pico_sdk/libmicroros/libmicroros.a(libmicroxrcedds_client-create_entities_bin.c.obj)
                0x0000000010007030                uxr_buffer_create_topic_bin
 .text.uxr_buffer_create_publisher_bin
                0x00000000100070a0       0x6c /home/pc12/micro_ros_ws/src/micro_ros_raspberrypi_pico_sdk/libmicroros/libmicroros.a(libmicroxrcedds_client-create_entities_bin.c.obj)
                0x00000000100070a0                uxr_buffer_create_publisher_bin
 .text.uxr_buffer_create_subscriber_bin
                0x000000001000710c       0x6c /home/pc12/micro_ros_ws/src/micro_ros_raspberrypi_pico_sdk/libmicroros/libmicroros.a(libmicroxrcedds_client-create_entities_bin.c.obj)
                0x000000001000710c                uxr_buffer_create_subscriber_bin
 .text.uxr_buffer_create_datawriter_bin
                0x0000000010007178       0xcc /home/pc12/micro_ros_ws/src/micro_ros_raspberrypi_pico_sdk/libmicroros/libmicroros.a(libmicroxrcedds_client-create_entities_bin.c.obj)
                0x0000000010007178                uxr_buffer_create_datawriter_bin
 .text.uxr_buffer_create_datareader_bin
                0x0000000010007244       0xd0 /home/pc12/micro_ros_ws/src/micro_ros_raspberrypi_pico_sdk/libmicroros/libmicroros.a(libmicroxrcedds_client-create_entities_bin.c.obj)
                0x0000000010007244                uxr_buffer_create_datareader_bin
 .text.get_custom_error
                0x0000000010007314        0xc /home/pc12/micro_ros_ws/src/micro_ros_raspberrypi_pico_sdk/libmicroros/libmicroros.a(libmicroxrcedds_client-custom_transport.c.obj)
 .text.recv_custom_msg
                0x0000000010007320       0xb0 /home/pc12/micro_ros_ws/src/micro_ros_raspberrypi_pico_sdk/libmicroros/libmicroros.a(libmicroxrcedds_client-custom_transport.c.obj)
 .text.send_custom_msg
                0x00000000100073d0       0x5c /home/pc12/micro_ros_ws/src/micro_ros_raspberrypi_pico_sdk/libmicroros/libmicroros.a(libmicroxrcedds_client-custom_transport.c.obj)
 .text.uxr_set_custom_transport_callbacks
                0x000000001000742c       0x24 /home/pc12/micro_ros_ws/src/micro_ros_raspberrypi_pico_sdk/libmicroros/libmicroros.a(libmicroxrcedds_client-custom_transport.c.obj)
                0x000000001000742c                uxr_set_custom_transport_callbacks
 .text.uxr_init_custom_transport
                0x0000000010007450       0x88 /home/pc12/micro_ros_ws/src/micro_ros_raspberrypi_pico_sdk/libmicroros/libmicroros.a(libmicroxrcedds_client-custom_transport.c.obj)
                0x0000000010007450                uxr_init_custom_transport
 .text.uxr_close_custom_transport
                0x00000000100074d8        0xc /home/pc12/micro_ros_ws/src/micro_ros_raspberrypi_pico_sdk/libmicroros/libmicroros.a(libmicroxrcedds_client-custom_transport.c.obj)
                0x00000000100074d8                uxr_close_custom_transport
 .text.uxr_object_id
                0x00000000100074e4       0x10 /home/pc12/micro_ros_ws/src/micro_ros_raspberrypi_pico_sdk/libmicroros/libmicroros.a(libmicroxrcedds_client-object_id.c.obj)
                0x00000000100074e4                uxr_object_id
 .text.uxr_object_id_from_raw
                0x00000000100074f4       0x20 /home/pc12/micro_ros_ws/src/micro_ros_raspberrypi_pico_sdk/libmicroros/libmicroros.a(libmicroxrcedds_client-object_id.c.obj)
                0x00000000100074f4                uxr_object_id_from_raw
 .text.uxr_object_id_to_raw
                0x0000000010007514       0x18 /home/pc12/micro_ros_ws/src/micro_ros_raspberrypi_pico_sdk/libmicroros/libmicroros.a(libmicroxrcedds_client-object_id.c.obj)
                0x0000000010007514                uxr_object_id_to_raw
 .text.uxr_ping_agent_session
                0x000000001000752c       0x9c /home/pc12/micro_ros_ws/src/micro_ros_raspberrypi_pico_sdk/libmicroros/libmicroros.a(libmicroxrcedds_client-ping.c.obj)
                0x000000001000752c                uxr_ping_agent_session
 .text.uxr_ping_agent_attempts
                0x00000000100075c8      0x198 /home/pc12/micro_ros_ws/src/micro_ros_raspberrypi_pico_sdk/libmicroros/libmicroros.a(libmicroxrcedds_client-ping.c.obj)
                0x00000000100075c8                uxr_ping_agent_attempts
 .text.on_get_fragmentation_info
                0x0000000010007760       0x38 /home/pc12/micro_ros_ws/src/micro_ros_raspberrypi_pico_sdk/libmicroros/libmicroros.a(libmicroxrcedds_client-session.c.obj)
 .text.read_submessage_get_info
                0x0000000010007798       0x74 /home/pc12/micro_ros_ws/src/micro_ros_raspberrypi_pico_sdk/libmicroros/libmicroros.a(libmicroxrcedds_client-session.c.obj)
 .text.write_submessage_acknack.isra.0
                0x000000001000780c       0x6c /home/pc12/micro_ros_ws/src/micro_ros_raspberrypi_pico_sdk/libmicroros/libmicroros.a(libmicroxrcedds_client-session.c.obj)
 .text.uxr_init_session
                0x0000000010007878       0x48 /home/pc12/micro_ros_ws/src/micro_ros_raspberrypi_pico_sdk/libmicroros/libmicroros.a(libmicroxrcedds_client-session.c.obj)
                0x0000000010007878                uxr_init_session
 .text.uxr_set_status_callback
                0x00000000100078c0        0xc /home/pc12/micro_ros_ws/src/micro_ros_raspberrypi_pico_sdk/libmicroros/libmicroros.a(libmicroxrcedds_client-session.c.obj)
                0x00000000100078c0                uxr_set_status_callback
 .text.uxr_set_topic_callback
                0x00000000100078cc        0xc /home/pc12/micro_ros_ws/src/micro_ros_raspberrypi_pico_sdk/libmicroros/libmicroros.a(libmicroxrcedds_client-session.c.obj)
                0x00000000100078cc                uxr_set_topic_callback
 .text.uxr_set_request_callback
                0x00000000100078d8        0xc /home/pc12/micro_ros_ws/src/micro_ros_raspberrypi_pico_sdk/libmicroros/libmicroros.a(libmicroxrcedds_client-session.c.obj)
                0x00000000100078d8                uxr_set_request_callback
 .text.uxr_set_reply_callback
                0x00000000100078e4        0xc /home/pc12/micro_ros_ws/src/micro_ros_raspberrypi_pico_sdk/libmicroros/libmicroros.a(libmicroxrcedds_client-session.c.obj)
                0x00000000100078e4                uxr_set_reply_callback
 .text.uxr_create_output_best_effort_stream
                0x00000000100078f0       0x40 /home/pc12/micro_ros_ws/src/micro_ros_raspberrypi_pico_sdk/libmicroros/libmicroros.a(libmicroxrcedds_client-session.c.obj)
                0x00000000100078f0                uxr_create_output_best_effort_stream
 .text.uxr_create_output_reliable_stream
                0x0000000010007930       0x44 /home/pc12/micro_ros_ws/src/micro_ros_raspberrypi_pico_sdk/libmicroros/libmicroros.a(libmicroxrcedds_client-session.c.obj)
                0x0000000010007930                uxr_create_output_reliable_stream
 .text.uxr_create_input_best_effort_stream
                0x0000000010007974       0x2c /home/pc12/micro_ros_ws/src/micro_ros_raspberrypi_pico_sdk/libmicroros/libmicroros.a(libmicroxrcedds_client-session.c.obj)
                0x0000000010007974                uxr_create_input_best_effort_stream
 .text.uxr_create_input_reliable_stream
                0x00000000100079a0       0x34 /home/pc12/micro_ros_ws/src/micro_ros_raspberrypi_pico_sdk/libmicroros/libmicroros.a(libmicroxrcedds_client-session.c.obj)
                0x00000000100079a0                uxr_create_input_reliable_stream
 .text.uxr_epoch_nanos
                0x00000000100079d4       0x14 /home/pc12/micro_ros_ws/src/micro_ros_raspberrypi_pico_sdk/libmicroros/libmicroros.a(libmicroxrcedds_client-session.c.obj)
                0x00000000100079d4                uxr_epoch_nanos
 .text.uxr_flash_output_streams
                0x00000000100079e8       0xf8 /home/pc12/micro_ros_ws/src/micro_ros_raspberrypi_pico_sdk/libmicroros/libmicroros.a(libmicroxrcedds_client-session.c.obj)
                0x00000000100079e8                uxr_flash_output_streams
 .text.read_submessage_info
                0x0000000010007ae0       0xa8 /home/pc12/micro_ros_ws/src/micro_ros_raspberrypi_pico_sdk/libmicroros/libmicroros.a(libmicroxrcedds_client-session.c.obj)
                0x0000000010007ae0                read_submessage_info
 .text.read_submessage_list
                0x0000000010007b88      0x3a8 /home/pc12/micro_ros_ws/src/micro_ros_raspberrypi_pico_sdk/libmicroros/libmicroros.a(libmicroxrcedds_client-session.c.obj)
 .text.listen_message_reliably
                0x0000000010007f30      0x2ac /home/pc12/micro_ros_ws/src/micro_ros_raspberrypi_pico_sdk/libmicroros/libmicroros.a(libmicroxrcedds_client-session.c.obj)
 .text.uxr_run_session_timeout
                0x00000000100081dc       0x30 /home/pc12/micro_ros_ws/src/micro_ros_raspberrypi_pico_sdk/libmicroros/libmicroros.a(libmicroxrcedds_client-session.c.obj)
                0x00000000100081dc                uxr_run_session_timeout
 .text.uxr_run_session_until_data
                0x000000001000820c       0x3c /home/pc12/micro_ros_ws/src/micro_ros_raspberrypi_pico_sdk/libmicroros/libmicroros.a(libmicroxrcedds_client-session.c.obj)
                0x000000001000820c                uxr_run_session_until_data
 .text.uxr_run_session_until_confirm_delivery
                0x0000000010008248       0x4c /home/pc12/micro_ros_ws/src/micro_ros_raspberrypi_pico_sdk/libmicroros/libmicroros.a(libmicroxrcedds_client-session.c.obj)
                0x0000000010008248                uxr_run_session_until_confirm_delivery
 .text.uxr_run_session_until_all_status
                0x0000000010008294       0xc4 /home/pc12/micro_ros_ws/src/micro_ros_raspberrypi_pico_sdk/libmicroros/libmicroros.a(libmicroxrcedds_client-session.c.obj)
                0x0000000010008294                uxr_run_session_until_all_status
 .text.uxr_run_session_until_pong
                0x0000000010008358       0x44 /home/pc12/micro_ros_ws/src/micro_ros_raspberrypi_pico_sdk/libmicroros/libmicroros.a(libmicroxrcedds_client-session.c.obj)
                0x0000000010008358                uxr_run_session_until_pong
 .text.wait_session_status
                0x000000001000839c      0x1d0 /home/pc12/micro_ros_ws/src/micro_ros_raspberrypi_pico_sdk/libmicroros/libmicroros.a(libmicroxrcedds_client-session.c.obj)
 .text.uxr_delete_session_retries
                0x000000001000856c       0x50 /home/pc12/micro_ros_ws/src/micro_ros_raspberrypi_pico_sdk/libmicroros/libmicroros.a(libmicroxrcedds_client-session.c.obj)
                0x000000001000856c                uxr_delete_session_retries
 .text.uxr_create_session
                0x00000000100085bc      0x1f4 /home/pc12/micro_ros_ws/src/micro_ros_raspberrypi_pico_sdk/libmicroros/libmicroros.a(libmicroxrcedds_client-session.c.obj)
                0x00000000100085bc                uxr_create_session
 .text.uxr_prepare_stream_to_write_submessage
                0x00000000100087b0       0x90 /home/pc12/micro_ros_ws/src/micro_ros_raspberrypi_pico_sdk/libmicroros/libmicroros.a(libmicroxrcedds_client-session.c.obj)
                0x00000000100087b0                uxr_prepare_stream_to_write_submessage
 .text.uxr_init_session_info
                0x0000000010008840       0x20 /home/pc12/micro_ros_ws/src/micro_ros_raspberrypi_pico_sdk/libmicroros/libmicroros.a(libmicroxrcedds_client-session_info.c.obj)
                0x0000000010008840                uxr_init_session_info
 .text.uxr_buffer_create_session
                0x0000000010008860       0x60 /home/pc12/micro_ros_ws/src/micro_ros_raspberrypi_pico_sdk/libmicroros/libmicroros.a(libmicroxrcedds_client-session_info.c.obj)
                0x0000000010008860                uxr_buffer_create_session
 .text.uxr_buffer_delete_session
                0x00000000100088c0       0x34 /home/pc12/micro_ros_ws/src/micro_ros_raspberrypi_pico_sdk/libmicroros/libmicroros.a(libmicroxrcedds_client-session_info.c.obj)
                0x00000000100088c0                uxr_buffer_delete_session
 .text.uxr_read_create_session_status
                0x00000000100088f4       0x18 /home/pc12/micro_ros_ws/src/micro_ros_raspberrypi_pico_sdk/libmicroros/libmicroros.a(libmicroxrcedds_client-session_info.c.obj)
                0x00000000100088f4                uxr_read_create_session_status
 .text.uxr_read_delete_session_status
                0x000000001000890c       0x34 /home/pc12/micro_ros_ws/src/micro_ros_raspberrypi_pico_sdk/libmicroros/libmicroros.a(libmicroxrcedds_client-session_info.c.obj)
                0x000000001000890c                uxr_read_delete_session_status
 .text.uxr_stamp_create_session_header
                0x0000000010008940       0x28 /home/pc12/micro_ros_ws/src/micro_ros_raspberrypi_pico_sdk/libmicroros/libmicroros.a(libmicroxrcedds_client-session_info.c.obj)
                0x0000000010008940                uxr_stamp_create_session_header
 .text.uxr_stamp_session_header
                0x0000000010008968       0x28 /home/pc12/micro_ros_ws/src/micro_ros_raspberrypi_pico_sdk/libmicroros/libmicroros.a(libmicroxrcedds_client-session_info.c.obj)
                0x0000000010008968                uxr_stamp_session_header
 .text.uxr_read_session_header
                0x0000000010008990       0x90 /home/pc12/micro_ros_ws/src/micro_ros_raspberrypi_pico_sdk/libmicroros/libmicroros.a(libmicroxrcedds_client-session_info.c.obj)
                0x0000000010008990                uxr_read_session_header
 .text.uxr_session_header_offset
                0x0000000010008a20       0x10 /home/pc12/micro_ros_ws/src/micro_ros_raspberrypi_pico_sdk/libmicroros/libmicroros.a(libmicroxrcedds_client-session_info.c.obj)
                0x0000000010008a20                uxr_session_header_offset
 .text.uxr_init_base_object_request
                0x0000000010008a30       0x3c /home/pc12/micro_ros_ws/src/micro_ros_raspberrypi_pico_sdk/libmicroros/libmicroros.a(libmicroxrcedds_client-session_info.c.obj)
                0x0000000010008a30                uxr_init_base_object_request
 .text.uxr_parse_base_object_request
                0x0000000010008a6c       0x24 /home/pc12/micro_ros_ws/src/micro_ros_raspberrypi_pico_sdk/libmicroros/libmicroros.a(libmicroxrcedds_client-session_info.c.obj)
                0x0000000010008a6c                uxr_parse_base_object_request
 .text.uxr_init_framing_io
                0x0000000010008a90        0xc /home/pc12/micro_ros_ws/src/micro_ros_raspberrypi_pico_sdk/libmicroros/libmicroros.a(libmicroxrcedds_client-stream_framing_protocol.c.obj)
                0x0000000010008a90                uxr_init_framing_io
 .text.uxr_write_framed_msg
                0x0000000010008a9c      0x32c /home/pc12/micro_ros_ws/src/micro_ros_raspberrypi_pico_sdk/libmicroros/libmicroros.a(libmicroxrcedds_client-stream_framing_protocol.c.obj)
                0x0000000010008a9c                uxr_write_framed_msg
 .text.uxr_framing_read_transport
                0x0000000010008dc8      0x10c /home/pc12/micro_ros_ws/src/micro_ros_raspberrypi_pico_sdk/libmicroros/libmicroros.a(libmicroxrcedds_client-stream_framing_protocol.c.obj)
                0x0000000010008dc8                uxr_framing_read_transport
 .text.uxr_read_framed_msg
                0x0000000010008ed4      0x414 /home/pc12/micro_ros_ws/src/micro_ros_raspberrypi_pico_sdk/libmicroros/libmicroros.a(libmicroxrcedds_client-stream_framing_protocol.c.obj)
                0x0000000010008ed4                uxr_read_framed_msg
 .text.uxr_stream_id
                0x00000000100092e8       0x4c /home/pc12/micro_ros_ws/src/micro_ros_raspberrypi_pico_sdk/libmicroros/libmicroros.a(libmicroxrcedds_client-stream_id.c.obj)
                0x00000000100092e8                uxr_stream_id
 .text.uxr_stream_id_from_raw
                0x0000000010009334       0x54 /home/pc12/micro_ros_ws/src/micro_ros_raspberrypi_pico_sdk/libmicroros/libmicroros.a(libmicroxrcedds_client-stream_id.c.obj)
                0x0000000010009334                uxr_stream_id_from_raw
 .text.uxr_init_stream_storage
                0x0000000010009388       0x14 /home/pc12/micro_ros_ws/src/micro_ros_raspberrypi_pico_sdk/libmicroros/libmicroros.a(libmicroxrcedds_client-stream_storage.c.obj)
                0x0000000010009388                uxr_init_stream_storage
 .text.uxr_reset_stream_storage
                0x000000001000939c       0x80 /home/pc12/micro_ros_ws/src/micro_ros_raspberrypi_pico_sdk/libmicroros/libmicroros.a(libmicroxrcedds_client-stream_storage.c.obj)
                0x000000001000939c                uxr_reset_stream_storage
 .text.uxr_add_output_best_effort_buffer
                0x000000001000941c       0x40 /home/pc12/micro_ros_ws/src/micro_ros_raspberrypi_pico_sdk/libmicroros/libmicroros.a(libmicroxrcedds_client-stream_storage.c.obj)
                0x000000001000941c                uxr_add_output_best_effort_buffer
 .text.uxr_add_output_reliable_buffer
                0x000000001000945c       0x4c /home/pc12/micro_ros_ws/src/micro_ros_raspberrypi_pico_sdk/libmicroros/libmicroros.a(libmicroxrcedds_client-stream_storage.c.obj)
                0x000000001000945c                uxr_add_output_reliable_buffer
 .text.uxr_add_input_best_effort_buffer
                0x00000000100094a8       0x44 /home/pc12/micro_ros_ws/src/micro_ros_raspberrypi_pico_sdk/libmicroros/libmicroros.a(libmicroxrcedds_client-stream_storage.c.obj)
                0x00000000100094a8                uxr_add_input_best_effort_buffer
 .text.uxr_add_input_reliable_buffer
                0x00000000100094ec       0x4c /home/pc12/micro_ros_ws/src/micro_ros_raspberrypi_pico_sdk/libmicroros/libmicroros.a(libmicroxrcedds_client-stream_storage.c.obj)
                0x00000000100094ec                uxr_add_input_reliable_buffer
 .text.uxr_get_output_best_effort_stream
                0x0000000010009538       0x10 /home/pc12/micro_ros_ws/src/micro_ros_raspberrypi_pico_sdk/libmicroros/libmicroros.a(libmicroxrcedds_client-stream_storage.c.obj)
                0x0000000010009538                uxr_get_output_best_effort_stream
 .text.uxr_get_output_reliable_stream
                0x0000000010009548       0x18 /home/pc12/micro_ros_ws/src/micro_ros_raspberrypi_pico_sdk/libmicroros/libmicroros.a(libmicroxrcedds_client-stream_storage.c.obj)
                0x0000000010009548                uxr_get_output_reliable_stream
 .text.uxr_get_input_best_effort_stream
                0x0000000010009560       0x14 /home/pc12/micro_ros_ws/src/micro_ros_raspberrypi_pico_sdk/libmicroros/libmicroros.a(libmicroxrcedds_client-stream_storage.c.obj)
                0x0000000010009560                uxr_get_input_best_effort_stream
 .text.uxr_get_input_reliable_stream
                0x0000000010009574       0x18 /home/pc12/micro_ros_ws/src/micro_ros_raspberrypi_pico_sdk/libmicroros/libmicroros.a(libmicroxrcedds_client-stream_storage.c.obj)
                0x0000000010009574                uxr_get_input_reliable_stream
 .text.uxr_output_streams_confirmed
                0x000000001000958c       0x30 /home/pc12/micro_ros_ws/src/micro_ros_raspberrypi_pico_sdk/libmicroros/libmicroros.a(libmicroxrcedds_client-stream_storage.c.obj)
                0x000000001000958c                uxr_output_streams_confirmed
 .text.uxr_buffer_submessage_header
                0x00000000100095bc       0x34 /home/pc12/micro_ros_ws/src/micro_ros_raspberrypi_pico_sdk/libmicroros/libmicroros.a(libmicroxrcedds_client-submessage.c.obj)
                0x00000000100095bc                uxr_buffer_submessage_header
 .text.uxr_read_submessage_header
                0x00000000100095f0       0x4c /home/pc12/micro_ros_ws/src/micro_ros_raspberrypi_pico_sdk/libmicroros/libmicroros.a(libmicroxrcedds_client-submessage.c.obj)
                0x00000000100095f0                uxr_read_submessage_header
 .text.uxr_submessage_padding
                0x000000001000963c       0x14 /home/pc12/micro_ros_ws/src/micro_ros_raspberrypi_pico_sdk/libmicroros/libmicroros.a(libmicroxrcedds_client-submessage.c.obj)
                0x000000001000963c                uxr_submessage_padding
 .text.uxr_millis
                0x0000000010009650       0x38 /home/pc12/micro_ros_ws/src/micro_ros_raspberrypi_pico_sdk/libmicroros/libmicroros.a(libmicroxrcedds_client-time.c.obj)
                0x0000000010009650                uxr_millis
 .text.uxr_nanos
                0x0000000010009688       0x2c /home/pc12/micro_ros_ws/src/micro_ros_raspberrypi_pico_sdk/libmicroros/libmicroros.a(libmicroxrcedds_client-time.c.obj)
                0x0000000010009688                uxr_nanos
 .text.on_full_output_buffer_fragmented
                0x00000000100096b4      0x12c /home/pc12/micro_ros_ws/src/micro_ros_raspberrypi_pico_sdk/libmicroros/libmicroros.a(libmicroxrcedds_client-write_access.c.obj)
                0x00000000100096b4                on_full_output_buffer_fragmented
 .text.uxr_prepare_output_stream
                0x00000000100097e0       0x60 /home/pc12/micro_ros_ws/src/micro_ros_raspberrypi_pico_sdk/libmicroros/libmicroros.a(libmicroxrcedds_client-write_access.c.obj)
                0x00000000100097e0                uxr_prepare_output_stream
 .text.uxr_prepare_output_stream_fragmented
                0x0000000010009840      0x1d8 /home/pc12/micro_ros_ws/src/micro_ros_raspberrypi_pico_sdk/libmicroros/libmicroros.a(libmicroxrcedds_client-write_access.c.obj)
                0x0000000010009840                uxr_prepare_output_stream_fragmented
 .text.uxr_serialize_message_header
                0x0000000010009a18       0x34 /home/pc12/micro_ros_ws/src/micro_ros_raspberrypi_pico_sdk/libmicroros/libmicroros.a(libmicroxrcedds_client-xrce_header.c.obj)
                0x0000000010009a18                uxr_serialize_message_header
 .text.uxr_deserialize_message_header
                0x0000000010009a4c       0x34 /home/pc12/micro_ros_ws/src/micro_ros_raspberrypi_pico_sdk/libmicroros/libmicroros.a(libmicroxrcedds_client-xrce_header.c.obj)
                0x0000000010009a4c                uxr_deserialize_message_header
 .text.uxr_serialize_submessage_header
                0x0000000010009a80       0x20 /home/pc12/micro_ros_ws/src/micro_ros_raspberrypi_pico_sdk/libmicroros/libmicroros.a(libmicroxrcedds_client-xrce_subheader.c.obj)
                0x0000000010009a80                uxr_serialize_submessage_header
 .text.uxr_deserialize_submessage_header
                0x0000000010009aa0       0x20 /home/pc12/micro_ros_ws/src/micro_ros_raspberrypi_pico_sdk/libmicroros/libmicroros.a(libmicroxrcedds_client-xrce_subheader.c.obj)
                0x0000000010009aa0                uxr_deserialize_submessage_header
 .text.uxr_serialize_CLIENT_Representation
                0x0000000010009ac0       0xbc /home/pc12/micro_ros_ws/src/micro_ros_raspberrypi_pico_sdk/libmicroros/libmicroros.a(libmicroxrcedds_client-xrce_types.c.obj)
                0x0000000010009ac0                uxr_serialize_CLIENT_Representation
 .text.uxr_deserialize_CLIENT_Representation
                0x0000000010009b7c       0xd0 /home/pc12/micro_ros_ws/src/micro_ros_raspberrypi_pico_sdk/libmicroros/libmicroros.a(libmicroxrcedds_client-xrce_types.c.obj)
                0x0000000010009b7c                uxr_deserialize_CLIENT_Representation
 .text.uxr_serialize_AGENT_Representation
                0x0000000010009c4c       0x98 /home/pc12/micro_ros_ws/src/micro_ros_raspberrypi_pico_sdk/libmicroros/libmicroros.a(libmicroxrcedds_client-xrce_types.c.obj)
                0x0000000010009c4c                uxr_serialize_AGENT_Representation
 .text.uxr_serialize_DATAWRITER_Representation
                0x0000000010009ce4       0x50 /home/pc12/micro_ros_ws/src/micro_ros_raspberrypi_pico_sdk/libmicroros/libmicroros.a(libmicroxrcedds_client-xrce_types.c.obj)
                0x0000000010009ce4                uxr_serialize_DATAWRITER_Representation
 .text.uxr_serialize_ObjectVariant.part.0
                0x0000000010009d34       0xdc /home/pc12/micro_ros_ws/src/micro_ros_raspberrypi_pico_sdk/libmicroros/libmicroros.a(libmicroxrcedds_client-xrce_types.c.obj)
 .text.uxr_deserialize_DATAWRITER_Representation
                0x0000000010009e10       0x54 /home/pc12/micro_ros_ws/src/micro_ros_raspberrypi_pico_sdk/libmicroros/libmicroros.a(libmicroxrcedds_client-xrce_types.c.obj)
                0x0000000010009e10                uxr_deserialize_DATAWRITER_Representation
 .text.uxr_serialize_OBJK_DomainParticipant_Binary
                0x0000000010009e64       0x44 /home/pc12/micro_ros_ws/src/micro_ros_raspberrypi_pico_sdk/libmicroros/libmicroros.a(libmicroxrcedds_client-xrce_types.c.obj)
                0x0000000010009e64                uxr_serialize_OBJK_DomainParticipant_Binary
 .text.uxr_serialize_OBJK_Topic_Binary
                0x0000000010009ea8       0x5c /home/pc12/micro_ros_ws/src/micro_ros_raspberrypi_pico_sdk/libmicroros/libmicroros.a(libmicroxrcedds_client-xrce_types.c.obj)
                0x0000000010009ea8                uxr_serialize_OBJK_Topic_Binary
 .text.uxr_serialize_OBJK_Publisher_Binary_Qos
                0x0000000010009f04      0x144 /home/pc12/micro_ros_ws/src/micro_ros_raspberrypi_pico_sdk/libmicroros/libmicroros.a(libmicroxrcedds_client-xrce_types.c.obj)
                0x0000000010009f04                uxr_serialize_OBJK_Publisher_Binary_Qos
 .text.uxr_serialize_OBJK_Publisher_Binary
                0x000000001000a048       0x48 /home/pc12/micro_ros_ws/src/micro_ros_raspberrypi_pico_sdk/libmicroros/libmicroros.a(libmicroxrcedds_client-xrce_types.c.obj)
                0x000000001000a048                uxr_serialize_OBJK_Publisher_Binary
 .text.uxr_serialize_OBJK_Subscriber_Binary_Qos
                0x000000001000a090      0x144 /home/pc12/micro_ros_ws/src/micro_ros_raspberrypi_pico_sdk/libmicroros/libmicroros.a(libmicroxrcedds_client-xrce_types.c.obj)
                0x000000001000a090                uxr_serialize_OBJK_Subscriber_Binary_Qos
 .text.uxr_serialize_OBJK_Subscriber_Binary
                0x000000001000a1d4       0x48 /home/pc12/micro_ros_ws/src/micro_ros_raspberrypi_pico_sdk/libmicroros/libmicroros.a(libmicroxrcedds_client-xrce_types.c.obj)
                0x000000001000a1d4                uxr_serialize_OBJK_Subscriber_Binary
 .text.uxr_serialize_OBJK_Endpoint_QosBinary
                0x000000001000a21c       0xb8 /home/pc12/micro_ros_ws/src/micro_ros_raspberrypi_pico_sdk/libmicroros/libmicroros.a(libmicroxrcedds_client-xrce_types.c.obj)
                0x000000001000a21c                uxr_serialize_OBJK_Endpoint_QosBinary
 .text.uxr_serialize_OBJK_DataReader_Binary
                0x000000001000a2d4       0x88 /home/pc12/micro_ros_ws/src/micro_ros_raspberrypi_pico_sdk/libmicroros/libmicroros.a(libmicroxrcedds_client-xrce_types.c.obj)
                0x000000001000a2d4                uxr_serialize_OBJK_DataReader_Binary
 .text.uxr_serialize_OBJK_DataWriter_Binary
                0x000000001000a35c       0x64 /home/pc12/micro_ros_ws/src/micro_ros_raspberrypi_pico_sdk/libmicroros/libmicroros.a(libmicroxrcedds_client-xrce_types.c.obj)
                0x000000001000a35c                uxr_serialize_OBJK_DataWriter_Binary
 .text.uxr_deserialize_ObjectVariant
                0x000000001000a3c0      0x13c /home/pc12/micro_ros_ws/src/micro_ros_raspberrypi_pico_sdk/libmicroros/libmicroros.a(libmicroxrcedds_client-xrce_types.c.obj)
                0x000000001000a3c0                uxr_deserialize_ObjectVariant
 .text.uxr_deserialize_BaseObjectRequest
                0x000000001000a4fc       0x20 /home/pc12/micro_ros_ws/src/micro_ros_raspberrypi_pico_sdk/libmicroros/libmicroros.a(libmicroxrcedds_client-xrce_types.c.obj)
                0x000000001000a4fc                uxr_deserialize_BaseObjectRequest
 .text.uxr_serialize_ActivityInfoVariant
                0x000000001000a51c      0x120 /home/pc12/micro_ros_ws/src/micro_ros_raspberrypi_pico_sdk/libmicroros/libmicroros.a(libmicroxrcedds_client-xrce_types.c.obj)
                0x000000001000a51c                uxr_serialize_ActivityInfoVariant